Archive member included to satisfy reference by file (symbol)

libfreertos.a(queue.c.obj)    CMakeFiles/Assign6.dir/Assign6.c.obj (xQueueGenericCreate)
libfreertos.a(tasks.c.obj)    CMakeFiles/Assign6.dir/Assign6.c.obj (xTaskCreate)
libfreertos.a(timers.c.obj)   libfreertos.a(tasks.c.obj) (xTimerCreateTimerTask)
libfreertos.a(heap_3.c.obj)   libfreertos.a(queue.c.obj) (pvPortMalloc)
libfreertos.a(port.c.obj)     libfreertos.a(tasks.c.obj) (pxPortInitialiseStack)
libfreertos.a(list.c.obj)     libfreertos.a(queue.c.obj) (vListInitialise)
/usr/lib/gcc/arm-none-eabi/9.2.1/thumb/v6-m/nofp/libgcc.a(_dvmd_tls.o)
                              CMakeFiles/Assign6.dir/home/justin/pico/pico-sdk/src/rp2_common/pico_divider/divider.S.obj (__aeabi_idiv0)
/usr/lib/gcc/arm-none-eabi/9.2.1/../../../arm-none-eabi/lib/thumb/v6-m/nofp/libg.a(lib_a-atexit.o)
                              /usr/lib/gcc/arm-none-eabi/9.2.1/../../../arm-none-eabi/lib/thumb/v6-m/nofp/crt0.o (atexit)
/usr/lib/gcc/arm-none-eabi/9.2.1/../../../arm-none-eabi/lib/thumb/v6-m/nofp/libg.a(lib_a-calloc.o)
                              CMakeFiles/Assign6.dir/home/justin/pico/pico-sdk/src/rp2_common/pico_malloc/pico_malloc.c.obj (calloc)
/usr/lib/gcc/arm-none-eabi/9.2.1/../../../arm-none-eabi/lib/thumb/v6-m/nofp/libg.a(lib_a-callocr.o)
                              /usr/lib/gcc/arm-none-eabi/9.2.1/../../../arm-none-eabi/lib/thumb/v6-m/nofp/libg.a(lib_a-calloc.o) (_calloc_r)
/usr/lib/gcc/arm-none-eabi/9.2.1/../../../arm-none-eabi/lib/thumb/v6-m/nofp/libg.a(lib_a-ctype_.o)
                              CMakeFiles/Assign6.dir/home/justin/pico/pico-sdk/lib/tinyusb/src/tusb.c.obj (_ctype_)
/usr/lib/gcc/arm-none-eabi/9.2.1/../../../arm-none-eabi/lib/thumb/v6-m/nofp/libg.a(lib_a-fini.o)
                              /usr/lib/gcc/arm-none-eabi/9.2.1/../../../arm-none-eabi/lib/thumb/v6-m/nofp/crt0.o (__libc_fini_array)
/usr/lib/gcc/arm-none-eabi/9.2.1/../../../arm-none-eabi/lib/thumb/v6-m/nofp/libg.a(lib_a-impure.o)
                              /usr/lib/gcc/arm-none-eabi/9.2.1/../../../arm-none-eabi/lib/thumb/v6-m/nofp/libg.a(lib_a-calloc.o) (_impure_ptr)
/usr/lib/gcc/arm-none-eabi/9.2.1/../../../arm-none-eabi/lib/thumb/v6-m/nofp/libg.a(lib_a-init.o)
                              /usr/lib/gcc/arm-none-eabi/9.2.1/../../../arm-none-eabi/lib/thumb/v6-m/nofp/crt0.o (__libc_init_array)
/usr/lib/gcc/arm-none-eabi/9.2.1/../../../arm-none-eabi/lib/thumb/v6-m/nofp/libg.a(lib_a-malloc.o)
                              CMakeFiles/Assign6.dir/home/justin/pico/pico-sdk/src/rp2_common/pico_malloc/pico_malloc.c.obj (malloc)
/usr/lib/gcc/arm-none-eabi/9.2.1/../../../arm-none-eabi/lib/thumb/v6-m/nofp/libg.a(lib_a-mallocr.o)
                              /usr/lib/gcc/arm-none-eabi/9.2.1/../../../arm-none-eabi/lib/thumb/v6-m/nofp/libg.a(lib_a-callocr.o) (_malloc_r)
/usr/lib/gcc/arm-none-eabi/9.2.1/../../../arm-none-eabi/lib/thumb/v6-m/nofp/libg.a(lib_a-mlock.o)
                              /usr/lib/gcc/arm-none-eabi/9.2.1/../../../arm-none-eabi/lib/thumb/v6-m/nofp/libg.a(lib_a-mallocr.o) (__malloc_lock)
/usr/lib/gcc/arm-none-eabi/9.2.1/../../../arm-none-eabi/lib/thumb/v6-m/nofp/libg.a(lib_a-sbrkr.o)
                              /usr/lib/gcc/arm-none-eabi/9.2.1/../../../arm-none-eabi/lib/thumb/v6-m/nofp/libg.a(lib_a-mallocr.o) (_sbrk_r)
/usr/lib/gcc/arm-none-eabi/9.2.1/../../../arm-none-eabi/lib/thumb/v6-m/nofp/libg.a(lib_a-strlen-stub.o)
                              CMakeFiles/Assign6.dir/home/justin/pico/pico-sdk/src/rp2_common/pico_stdio/stdio.c.obj (strlen)
/usr/lib/gcc/arm-none-eabi/9.2.1/../../../arm-none-eabi/lib/thumb/v6-m/nofp/libg.a(lib_a-__atexit.o)
                              /usr/lib/gcc/arm-none-eabi/9.2.1/../../../arm-none-eabi/lib/thumb/v6-m/nofp/libg.a(lib_a-atexit.o) (__register_exitproc)
/usr/lib/gcc/arm-none-eabi/9.2.1/../../../arm-none-eabi/lib/thumb/v6-m/nofp/libg.a(lib_a-freer.o)
                              /usr/lib/gcc/arm-none-eabi/9.2.1/../../../arm-none-eabi/lib/thumb/v6-m/nofp/libg.a(lib_a-malloc.o) (_free_r)
/usr/lib/gcc/arm-none-eabi/9.2.1/../../../arm-none-eabi/lib/thumb/v6-m/nofp/libg.a(lib_a-reent.o)
                              /usr/lib/gcc/arm-none-eabi/9.2.1/../../../arm-none-eabi/lib/thumb/v6-m/nofp/libg.a(lib_a-sbrkr.o) (errno)

Allocating common symbols
Common symbol       size              file

sf_table            0x100             CMakeFiles/Assign6.dir/home/justin/pico/pico-sdk/src/rp2_common/pico_float/float_init_rom.c.obj
errno               0x4               /usr/lib/gcc/arm-none-eabi/9.2.1/../../../arm-none-eabi/lib/thumb/v6-m/nofp/libg.a(lib_a-reent.o)
xQueueRegistry      0x50              libfreertos.a(queue.c.obj)
_usbd_qdef_buf      0xc0              CMakeFiles/Assign6.dir/home/justin/pico/pico-sdk/lib/tinyusb/src/device/usbd.c.obj
sd_table            0x100             CMakeFiles/Assign6.dir/home/justin/pico/pico-sdk/src/rp2_common/pico_double/double_init_rom.c.obj
[...]
Memory Configuration

Name             Origin             Length             Attributes
FLASH            0x0000000010000000 0x0000000000200000 xr
RAM              0x0000000020000000 0x0000000000040000 xrw
SCRATCH_X        0x0000000020040000 0x0000000000001000 xrw
SCRATCH_Y        0x0000000020041000 0x0000000000001000 xrw
*default*        0x0000000000000000 0xffffffffffffffff

Linker script and memory map

LOAD /usr/lib/gcc/arm-none-eabi/9.2.1/thumb/v6-m/nofp/crti.o
LOAD /usr/lib/gcc/arm-none-eabi/9.2.1/thumb/v6-m/nofp/crtbegin.o
LOAD /usr/lib/gcc/arm-none-eabi/9.2.1/../../../arm-none-eabi/lib/thumb/v6-m/nofp/crt0.o

.flash_begin    0x0000000010000000        0x0
                0x0000000010000000                __flash_binary_start = .

.boot2          0x0000000010000000      0x100
                0x0000000010000000                __boot2_start__ = .
 *(.boot2)
 .boot2         0x0000000010000000      0x100 /tmp/ccOh0BF1.o
                0x0000000010000100                __boot2_end__ = .
                0x0000000000000001                ASSERT (((__boot2_end__ - __boot2_start__) == 0x100), ERROR: Pico second stage bootloader must be 256 bytes in size)

.text           0x0000000010000100     0xa800
                0x0000000010000100                __logical_binary_start = .
 *(.vectors)
 .vectors       0x0000000010000100       0xd4 CMakeFiles/Assign6.dir/home/justin/pico/pico-sdk/src/rp2_common/pico_standard_link/crt0.S.obj
                0x0000000010000100                __vectors
                0x0000000010000100                __VECTOR_TABLE
                0x00000000100001c0                isr_invalid
                0x00000000100001c0                __default_isrs_start
                0x00000000100001c2                isr_nmi
                0x00000000100001c4                isr_hardfault
                0x00000000100001cc                isr_irq30
                0x00000000100001cc                __unhandled_user_irq
                0x00000000100001cc                isr_irq13
                0x00000000100001cc                isr_irq27
                0x00000000100001cc                isr_irq31
                0x00000000100001cc                isr_irq5
                0x00000000100001cc                isr_irq11
                0x00000000100001cc                isr_irq23
                0x00000000100001cc                isr_irq18
                0x00000000100001cc                isr_irq28
                0x00000000100001cc                isr_irq19
                0x00000000100001cc                isr_irq0
                0x00000000100001cc                isr_irq6
                0x00000000100001cc                isr_irq22
                0x00000000100001cc                isr_irq17
                0x00000000100001cc                isr_irq14
                0x00000000100001cc                isr_irq2
                0x00000000100001cc                isr_irq10
                0x00000000100001cc                isr_irq8
                0x00000000100001cc                isr_irq24
                0x00000000100001cc                isr_irq1
                0x00000000100001cc                isr_irq7
                0x00000000100001cc                isr_irq21
                0x00000000100001cc                isr_irq20
                0x00000000100001cc                isr_irq15
                0x00000000100001cc                isr_irq25
                0x00000000100001cc                isr_irq4
                0x00000000100001cc                isr_irq16
                0x00000000100001cc                isr_irq29
                0x00000000100001cc                isr_irq26
                0x00000000100001cc                __default_isrs_end
                0x00000000100001cc                isr_irq3
                0x00000000100001cc                isr_irq12
                0x00000000100001cc                isr_irq9
                0x00000000100001d2                unhandled_user_irq_num_in_r0
 *(.binary_info_header)
 .binary_info_header
                0x00000000100001d4       0x14 CMakeFiles/Assign6.dir/home/justin/pico/pico-sdk/src/rp2_common/pico_standard_link/crt0.S.obj
                0x00000000100001e8                __binary_info_header_end = .
 *(.reset)
 .reset         0x00000000100001e8       0xa8 CMakeFiles/Assign6.dir/home/justin/pico/pico-sdk/src/rp2_common/pico_standard_link/crt0.S.obj
                0x00000000100001e8                _entry_point
                0x0000000010000266                __get_current_exception
 .reset         0x0000000010000290       0x30 CMakeFiles/Assign6.dir/home/justin/pico/pico-sdk/src/rp2_common/pico_standard_link/binary_info.c.obj
 *(.init)
 .init          0x00000000100002c0        0x4 /usr/lib/gcc/arm-none-eabi/9.2.1/thumb/v6-m/nofp/crti.o
                0x00000000100002c0                _init
 *(EXCLUDE_FILE(*libm.a: *libc.a:*lib_a-mem*.o *libgcc.a:) .text*)
 .text          0x00000000100002c4       0x98 /usr/lib/gcc/arm-none-eabi/9.2.1/thumb/v6-m/nofp/crtbegin.o
 .text.segLEDLeft
                0x000000001000035c      0x47c CMakeFiles/Assign6.dir/Assign6.c.obj
                0x000000001000035c                segLEDLeft
 .text.segLEDRight
                0x00000000100007d8      0x47c CMakeFiles/Assign6.dir/Assign6.c.obj
                0x00000000100007d8                segLEDRight
 .text.main     0x0000000010000c54       0xd4 CMakeFiles/Assign6.dir/Assign6.c.obj
                0x0000000010000c54                main
 .text.readConfigReg
                0x0000000010000d28       0x44 CMakeFiles/Assign6.dir/Assign6.c.obj
                0x0000000010000d28                readConfigReg
 .text.readMFID
                0x0000000010000d6c       0x44 CMakeFiles/Assign6.dir/Assign6.c.obj
                0x0000000010000d6c                readMFID
 .text.readSN1  0x0000000010000db0       0x44 CMakeFiles/Assign6.dir/Assign6.c.obj
                0x0000000010000db0                readSN1
 .text.readSN2  0x0000000010000df4       0x44 CMakeFiles/Assign6.dir/Assign6.c.obj
                0x0000000010000df4                readSN2
 .text.readSN3  0x0000000010000e38       0x44 CMakeFiles/Assign6.dir/Assign6.c.obj
                0x0000000010000e38                readSN3
 .text.readTemperature
                0x0000000010000e7c       0x78 CMakeFiles/Assign6.dir/Assign6.c.obj
                0x0000000010000e7c                readTemperature
 .text.readHumidity
                0x0000000010000ef4       0x6c CMakeFiles/Assign6.dir/Assign6.c.obj
                0x0000000010000ef4                readHumidity
 .text.readHDC1080Task
                0x0000000010000f60       0xe8 CMakeFiles/Assign6.dir/Assign6.c.obj
                0x0000000010000f60                readHDC1080Task
 .text.gpio_set_function
                0x0000000010001048       0x30 CMakeFiles/Assign6.dir/home/justin/pico/pico-sdk/src/rp2_common/hardware_gpio/gpio.c.obj
                0x0000000010001048                gpio_set_function
 .text.gpio_set_pulls
                0x0000000010001078       0x34 CMakeFiles/Assign6.dir/home/justin/pico/pico-sdk/src/rp2_common/hardware_gpio/gpio.c.obj
                0x0000000010001078                gpio_set_pulls
 .text.gpio_init
                0x00000000100010ac       0x16 CMakeFiles/Assign6.dir/home/justin/pico/pico-sdk/src/rp2_common/hardware_gpio/gpio.c.obj
                0x00000000100010ac                gpio_init
 *fill*         0x00000000100010c2        0x2 
 .text.hw_claim_lock
                0x00000000100010c4       0x18 CMakeFiles/Assign6.dir/home/justin/pico/pico-sdk/src/rp2_common/hardware_claim/claim.c.obj
                0x00000000100010c4                hw_claim_lock
 .text.hw_claim_unlock
                0x00000000100010dc       0x14 CMakeFiles/Assign6.dir/home/justin/pico/pico-sdk/src/rp2_common/hardware_claim/claim.c.obj
                0x00000000100010dc                hw_claim_unlock
 .text.hw_claim_or_assert
                0x00000000100010f0       0x32 CMakeFiles/Assign6.dir/home/justin/pico/pico-sdk/src/rp2_common/hardware_claim/claim.c.obj
                0x00000000100010f0                hw_claim_or_assert
 .text.hw_claim_unused_from_range
                0x0000000010001122       0x50 CMakeFiles/Assign6.dir/home/justin/pico/pico-sdk/src/rp2_common/hardware_claim/claim.c.obj
                0x0000000010001122                hw_claim_unused_from_range
 *fill*         0x0000000010001172        0x2 
 .text.running_on_fpga
                0x0000000010001174       0x14 CMakeFiles/Assign6.dir/home/justin/pico/pico-sdk/src/rp2_common/pico_platform/platform.c.obj
                0x0000000010001174                running_on_fpga
 .text.spin_locks_reset
                0x0000000010001188       0x20 CMakeFiles/Assign6.dir/home/justin/pico/pico-sdk/src/rp2_common/hardware_sync/sync.c.obj
                0x0000000010001188                spin_locks_reset
 .text.next_striped_spin_lock_num
                0x00000000100011a8       0x1c CMakeFiles/Assign6.dir/home/justin/pico/pico-sdk/src/rp2_common/hardware_sync/sync.c.obj
                0x00000000100011a8                next_striped_spin_lock_num
 .text.spin_lock_claim_unused
                0x00000000100011c4       0x20 CMakeFiles/Assign6.dir/home/justin/pico/pico-sdk/src/rp2_common/hardware_sync/sync.c.obj
                0x00000000100011c4                spin_lock_claim_unused
 .text.alarm_pool_post_alloc_init
                0x00000000100011e4       0x40 CMakeFiles/Assign6.dir/home/justin/pico/pico-sdk/src/common/pico_time/time.c.obj
 .text.sleep_until_callback
                0x0000000010001224       0x30 CMakeFiles/Assign6.dir/home/justin/pico/pico-sdk/src/common/pico_time/time.c.obj
 .text.timer_pool_entry_comparator
                0x0000000010001254       0x7c CMakeFiles/Assign6.dir/home/justin/pico/pico-sdk/src/common/pico_time/time.c.obj
                0x0000000010001254                timer_pool_entry_comparator
 .text.ph_add_child_node
                0x00000000100012d0       0xa4 CMakeFiles/Assign6.dir/home/justin/pico/pico-sdk/src/common/pico_time/time.c.obj
 .text.ph_merge_nodes
                0x0000000010001374       0x3e CMakeFiles/Assign6.dir/home/justin/pico/pico-sdk/src/common/pico_time/time.c.obj
 *fill*         0x00000000100013b2        0x2 
 .text.add_alarm_under_lock
                0x00000000100013b4      0x174 CMakeFiles/Assign6.dir/home/justin/pico/pico-sdk/src/common/pico_time/time.c.obj
 .text.alarm_pool_alarm_callback
                0x0000000010001528      0x32c CMakeFiles/Assign6.dir/home/justin/pico/pico-sdk/src/common/pico_time/time.c.obj
 .text.alarm_pool_init_default
                0x0000000010001854       0x38 CMakeFiles/Assign6.dir/home/justin/pico/pico-sdk/src/common/pico_time/time.c.obj
                0x0000000010001854                alarm_pool_init_default
 .text.alarm_pool_get_default
                0x000000001000188c       0x2c CMakeFiles/Assign6.dir/home/justin/pico/pico-sdk/src/common/pico_time/time.c.obj
                0x000000001000188c                alarm_pool_get_default
 .text.alarm_pool_add_alarm_at
                0x00000000100018b8      0x170 CMakeFiles/Assign6.dir/home/justin/pico/pico-sdk/src/common/pico_time/time.c.obj
                0x00000000100018b8                alarm_pool_add_alarm_at
 .text.alarm_pool_cancel_alarm
                0x0000000010001a28       0xf0 CMakeFiles/Assign6.dir/home/justin/pico/pico-sdk/src/common/pico_time/time.c.obj
                0x0000000010001a28                alarm_pool_cancel_alarm
 .text.sleep_until
                0x0000000010001b18       0xfc CMakeFiles/Assign6.dir/home/justin/pico/pico-sdk/src/common/pico_time/time.c.obj
                0x0000000010001b18                sleep_until
 .text.sleep_us
                0x0000000010001c14       0x58 CMakeFiles/Assign6.dir/home/justin/pico/pico-sdk/src/common/pico_time/time.c.obj
                0x0000000010001c14                sleep_us
 .text.sleep_ms
                0x0000000010001c6c       0x14 CMakeFiles/Assign6.dir/home/justin/pico/pico-sdk/src/common/pico_time/time.c.obj
                0x0000000010001c6c                sleep_ms
 .text.best_effort_wfe_or_timeout
                0x0000000010001c80       0x80 CMakeFiles/Assign6.dir/home/justin/pico/pico-sdk/src/common/pico_time/time.c.obj
                0x0000000010001c80                best_effort_wfe_or_timeout
 .text.hardware_alarm_irq_handler
                0x0000000010001d00       0x8c CMakeFiles/Assign6.dir/home/justin/pico/pico-sdk/src/rp2_common/hardware_timer/timer.c.obj
 .text.hardware_alarm_claim
                0x0000000010001d8c       0x18 CMakeFiles/Assign6.dir/home/justin/pico/pico-sdk/src/rp2_common/hardware_timer/timer.c.obj
                0x0000000010001d8c                hardware_alarm_claim
 .text.time_us_64
                0x0000000010001da4       0x18 CMakeFiles/Assign6.dir/home/justin/pico/pico-sdk/src/rp2_common/hardware_timer/timer.c.obj
                0x0000000010001da4                time_us_64
 .text.busy_wait_until
                0x0000000010001dbc       0x24 CMakeFiles/Assign6.dir/home/justin/pico/pico-sdk/src/rp2_common/hardware_timer/timer.c.obj
                0x0000000010001dbc                busy_wait_until
 .text.hardware_alarm_set_callback
                0x0000000010001de0       0x90 CMakeFiles/Assign6.dir/home/justin/pico/pico-sdk/src/rp2_common/hardware_timer/timer.c.obj
                0x0000000010001de0                hardware_alarm_set_callback
 .text.hardware_alarm_set_target
                0x0000000010001e70       0xe8 CMakeFiles/Assign6.dir/home/justin/pico/pico-sdk/src/rp2_common/hardware_timer/timer.c.obj
                0x0000000010001e70                hardware_alarm_set_target
 .text.hardware_alarm_cancel
                0x0000000010001f58       0x40 CMakeFiles/Assign6.dir/home/justin/pico/pico-sdk/src/rp2_common/hardware_timer/timer.c.obj
                0x0000000010001f58                hardware_alarm_cancel
 .text.lock_init
                0x0000000010001f98       0x10 CMakeFiles/Assign6.dir/home/justin/pico/pico-sdk/src/common/pico_sync/lock_core.c.obj
                0x0000000010001f98                lock_init
 .text.mutex_init
                0x0000000010001fa8       0x1a CMakeFiles/Assign6.dir/home/justin/pico/pico-sdk/src/common/pico_sync/mutex.c.obj
                0x0000000010001fa8                mutex_init
 .text.recursive_mutex_init
                0x0000000010001fc2       0x1e CMakeFiles/Assign6.dir/home/justin/pico/pico-sdk/src/common/pico_sync/mutex.c.obj
                0x0000000010001fc2                recursive_mutex_init
 .text.critical_section_init_with_lock_num
                0x0000000010001fe0       0x14 CMakeFiles/Assign6.dir/home/justin/pico/pico-sdk/src/common/pico_sync/critical_section.c.obj
                0x0000000010001fe0                critical_section_init_with_lock_num
 .text.critical_section_init
                0x0000000010001ff4       0x14 CMakeFiles/Assign6.dir/home/justin/pico/pico-sdk/src/common/pico_sync/critical_section.c.obj
                0x0000000010001ff4                critical_section_init
 .text.ph_add_child_node
                0x0000000010002008       0xa4 CMakeFiles/Assign6.dir/home/justin/pico/pico-sdk/src/common/pico_util/pheap.c.obj
 .text.ph_merge_nodes
                0x00000000100020ac       0x3e CMakeFiles/Assign6.dir/home/justin/pico/pico-sdk/src/common/pico_util/pheap.c.obj
 *fill*         0x00000000100020ea        0x2 
 .text.ph_clear
                0x00000000100020ec       0x70 CMakeFiles/Assign6.dir/home/justin/pico/pico-sdk/src/common/pico_util/pheap.c.obj
                0x00000000100020ec                ph_clear
 .text.ph_post_alloc_init
                0x000000001000215c        0xe CMakeFiles/Assign6.dir/home/justin/pico/pico-sdk/src/common/pico_util/pheap.c.obj
                0x000000001000215c                ph_post_alloc_init
 *fill*         0x000000001000216a        0x2 
 .text.ph_merge_two_pass
                0x000000001000216c       0xa8 CMakeFiles/Assign6.dir/home/justin/pico/pico-sdk/src/common/pico_util/pheap.c.obj
                0x000000001000216c                ph_merge_two_pass
 .text.ph_remove_any_head
                0x0000000010002214      0x108 CMakeFiles/Assign6.dir/home/justin/pico/pico-sdk/src/common/pico_util/pheap.c.obj
 .text.ph_remove_head
                0x000000001000231c       0x14 CMakeFiles/Assign6.dir/home/justin/pico/pico-sdk/src/common/pico_util/pheap.c.obj
                0x000000001000231c                ph_remove_head
 .text.ph_remove_and_free_node
                0x0000000010002330       0xf8 CMakeFiles/Assign6.dir/home/justin/pico/pico-sdk/src/common/pico_util/pheap.c.obj
                0x0000000010002330                ph_remove_and_free_node
 .text._exit    0x0000000010002428        0x4 CMakeFiles/Assign6.dir/home/justin/pico/pico-sdk/src/rp2_common/pico_runtime/runtime.c.obj
                0x0000000010002428                _exit
 .text._sbrk    0x000000001000242c       0x38 CMakeFiles/Assign6.dir/home/justin/pico/pico-sdk/src/rp2_common/pico_runtime/runtime.c.obj
                0x000000001000242c                _sbrk
 .text.exit     0x0000000010002464        0x6 CMakeFiles/Assign6.dir/home/justin/pico/pico-sdk/src/rp2_common/pico_runtime/runtime.c.obj
                0x0000000010002464                exit
 *fill*         0x000000001000246a        0x2 
 .text.__assert_func
                0x000000001000246c       0x3c CMakeFiles/Assign6.dir/home/justin/pico/pico-sdk/src/rp2_common/pico_runtime/runtime.c.obj
                0x000000001000246c                __assert_func
 .text.runtime_init
                0x00000000100024a8       0xf8 CMakeFiles/Assign6.dir/home/justin/pico/pico-sdk/src/rp2_common/pico_runtime/runtime.c.obj
                0x00000000100024a8                runtime_init
 .text.panic    0x00000000100025a0       0x30 CMakeFiles/Assign6.dir/home/justin/pico/pico-sdk/src/rp2_common/pico_runtime/runtime.c.obj
                0x00000000100025a0                panic
 .text.clock_configure
                0x00000000100025d0      0x104 CMakeFiles/Assign6.dir/home/justin/pico/pico-sdk/src/rp2_common/hardware_clocks/clocks.c.obj
                0x00000000100025d0                clock_configure
 .text.clocks_init
                0x00000000100026d4      0x100 CMakeFiles/Assign6.dir/home/justin/pico/pico-sdk/src/rp2_common/hardware_clocks/clocks.c.obj
                0x00000000100026d4                clocks_init
 .text.clock_get_hz
                0x00000000100027d4        0xc CMakeFiles/Assign6.dir/home/justin/pico/pico-sdk/src/rp2_common/hardware_clocks/clocks.c.obj
                0x00000000100027d4                clock_get_hz
 .text.set_raw_irq_handler_and_unlock
                0x00000000100027e0       0x28 CMakeFiles/Assign6.dir/home/justin/pico/pico-sdk/src/rp2_common/hardware_irq/irq.c.obj
 .text.make_branch
                0x0000000010002808       0x34 CMakeFiles/Assign6.dir/home/justin/pico/pico-sdk/src/rp2_common/hardware_irq/irq.c.obj
 .text.insert_branch_and_link
                0x000000001000283c       0x40 CMakeFiles/Assign6.dir/home/justin/pico/pico-sdk/src/rp2_common/hardware_irq/irq.c.obj
 .text.irq_is_enabled
                0x000000001000287c       0x18 CMakeFiles/Assign6.dir/home/justin/pico/pico-sdk/src/rp2_common/hardware_irq/irq.c.obj
                0x000000001000287c                irq_is_enabled
 .text.irq_set_mask_enabled
                0x0000000010002894       0x20 CMakeFiles/Assign6.dir/home/justin/pico/pico-sdk/src/rp2_common/hardware_irq/irq.c.obj
                0x0000000010002894                irq_set_mask_enabled
 .text.irq_set_enabled
                0x00000000100028b4        0xe CMakeFiles/Assign6.dir/home/justin/pico/pico-sdk/src/rp2_common/hardware_irq/irq.c.obj
                0x00000000100028b4                irq_set_enabled
 *fill*         0x00000000100028c2        0x2 
 .text.irq_set_pending
                0x00000000100028c4       0x10 CMakeFiles/Assign6.dir/home/justin/pico/pico-sdk/src/rp2_common/hardware_irq/irq.c.obj
                0x00000000100028c4                irq_set_pending
 .text.irq_get_vtable_handler
                0x00000000100028d4       0x10 CMakeFiles/Assign6.dir/home/justin/pico/pico-sdk/src/rp2_common/hardware_irq/irq.c.obj
                0x00000000100028d4                irq_get_vtable_handler
 .text.irq_set_exclusive_handler
                0x00000000100028e4       0x54 CMakeFiles/Assign6.dir/home/justin/pico/pico-sdk/src/rp2_common/hardware_irq/irq.c.obj
                0x00000000100028e4                irq_set_exclusive_handler
 .text.irq_remove_handler
                0x0000000010002938      0x1ac CMakeFiles/Assign6.dir/home/justin/pico/pico-sdk/src/rp2_common/hardware_irq/irq.c.obj
                0x0000000010002938                irq_remove_handler
 .text.irq_add_tail_to_free_list
                0x0000000010002ae4       0xf0 CMakeFiles/Assign6.dir/home/justin/pico/pico-sdk/src/rp2_common/hardware_irq/irq.c.obj
                0x0000000010002ae4                irq_add_tail_to_free_list
 .text.irq_init_priorities
                0x0000000010002bd4       0x1c CMakeFiles/Assign6.dir/home/justin/pico/pico-sdk/src/rp2_common/hardware_irq/irq.c.obj
                0x0000000010002bd4                irq_init_priorities
 .text.pll_init
                0x0000000010002bf0      0x118 CMakeFiles/Assign6.dir/home/justin/pico/pico-sdk/src/rp2_common/hardware_pll/pll.c.obj
                0x0000000010002bf0                pll_init
 .text.watchdog_start_tick
                0x0000000010002d08       0x10 CMakeFiles/Assign6.dir/home/justin/pico/pico-sdk/src/rp2_common/hardware_watchdog/watchdog.c.obj
                0x0000000010002d08                watchdog_start_tick
 .text.watchdog_update
                0x0000000010002d18       0x14 CMakeFiles/Assign6.dir/home/justin/pico/pico-sdk/src/rp2_common/hardware_watchdog/watchdog.c.obj
                0x0000000010002d18                watchdog_update
 .text._watchdog_enable
                0x0000000010002d2c       0x78 CMakeFiles/Assign6.dir/home/justin/pico/pico-sdk/src/rp2_common/hardware_watchdog/watchdog.c.obj
                0x0000000010002d2c                _watchdog_enable
 .text.watchdog_reboot
                0x0000000010002da4       0x48 CMakeFiles/Assign6.dir/home/justin/pico/pico-sdk/src/rp2_common/hardware_watchdog/watchdog.c.obj
                0x0000000010002da4                watchdog_reboot
 .text.xosc_init
                0x0000000010002dec       0x2c CMakeFiles/Assign6.dir/home/justin/pico/pico-sdk/src/rp2_common/hardware_xosc/xosc.c.obj
                0x0000000010002dec                xosc_init
 .text._out_null
                0x0000000010002e18        0x2 CMakeFiles/Assign6.dir/home/justin/pico/pico-sdk/src/rp2_common/pico_printf/printf.c.obj
 .text._out_fct
                0x0000000010002e1a        0xe CMakeFiles/Assign6.dir/home/justin/pico/pico-sdk/src/rp2_common/pico_printf/printf.c.obj
 .text._atoi    0x0000000010002e28       0x24 CMakeFiles/Assign6.dir/home/justin/pico/pico-sdk/src/rp2_common/pico_printf/printf.c.obj
 .text._out_rev
                0x0000000010002e4c       0xae CMakeFiles/Assign6.dir/home/justin/pico/pico-sdk/src/rp2_common/pico_printf/printf.c.obj
 .text._ntoa_format
                0x0000000010002efa      0x110 CMakeFiles/Assign6.dir/home/justin/pico/pico-sdk/src/rp2_common/pico_printf/printf.c.obj
 .text._ntoa_long
                0x000000001000300a       0xbc CMakeFiles/Assign6.dir/home/justin/pico/pico-sdk/src/rp2_common/pico_printf/printf.c.obj
 .text._ntoa_long_long
                0x00000000100030c6       0xe2 CMakeFiles/Assign6.dir/home/justin/pico/pico-sdk/src/rp2_common/pico_printf/printf.c.obj
 .text._etoa    0x00000000100031a8      0x40c CMakeFiles/Assign6.dir/home/justin/pico/pico-sdk/src/rp2_common/pico_printf/printf.c.obj
 .text._ftoa    0x00000000100035b4      0x354 CMakeFiles/Assign6.dir/home/justin/pico/pico-sdk/src/rp2_common/pico_printf/printf.c.obj
 .text._vsnprintf
                0x0000000010003908      0x628 CMakeFiles/Assign6.dir/home/justin/pico/pico-sdk/src/rp2_common/pico_printf/printf.c.obj
 .text.vfctprintf
                0x0000000010003f30       0x20 CMakeFiles/Assign6.dir/home/justin/pico/pico-sdk/src/rp2_common/pico_printf/printf.c.obj
                0x0000000010003f30                vfctprintf
 .text          0x0000000010003f50       0x10 CMakeFiles/Assign6.dir/home/justin/pico/pico-sdk/src/rp2_common/pico_bit_ops/bit_ops_aeabi.S.obj
 .text.rom_func_lookup
                0x0000000010003f60       0x10 CMakeFiles/Assign6.dir/home/justin/pico/pico-sdk/src/rp2_common/pico_bootrom/bootrom.c.obj
                0x0000000010003f60                rom_func_lookup
 .text.rom_data_lookup
                0x0000000010003f70       0x10 CMakeFiles/Assign6.dir/home/justin/pico/pico-sdk/src/rp2_common/pico_bootrom/bootrom.c.obj
                0x0000000010003f70                rom_data_lookup
 .text.rom_funcs_lookup
                0x0000000010003f80       0x36 CMakeFiles/Assign6.dir/home/justin/pico/pico-sdk/src/rp2_common/pico_bootrom/bootrom.c.obj
                0x0000000010003f80                rom_funcs_lookup
 *fill*         0x0000000010003fb6        0x2 
 .text.__wrap___aeabi_idiv
                0x0000000010003fb8       0x50 CMakeFiles/Assign6.dir/home/justin/pico/pico-sdk/src/rp2_common/pico_divider/divider.S.obj
                0x0000000010003fb8                __wrap___aeabi_idivmod
                0x0000000010003fb8                divmod_s32s32
                0x0000000010003fb8                div_s32s32
                0x0000000010003fb8                __wrap___aeabi_idiv
                0x0000000010003fc0                divmod_s32s32_unsafe
                0x0000000010003fec                divmod_s32s32_savestate
 .text.__wrap___aeabi_uidiv
                0x0000000010004008       0x4c CMakeFiles/Assign6.dir/home/justin/pico/pico-sdk/src/rp2_common/pico_divider/divider.S.obj
                0x0000000010004008                __wrap___aeabi_uidiv
                0x0000000010004008                __wrap___aeabi_uidivmod
                0x0000000010004008                div_u32u32
                0x0000000010004008                divmod_u32u32
                0x0000000010004010                divmod_u32u32_unsafe
                0x0000000010004038                divmod_u32u32_savestate
 .text.__wrap___aeabi_ldiv
                0x0000000010004054      0x434 CMakeFiles/Assign6.dir/home/justin/pico/pico-sdk/src/rp2_common/pico_divider/divider.S.obj
                0x0000000010004054                div_s64s64
                0x0000000010004054                divmod_s64s64
                0x0000000010004054                __wrap___aeabi_ldivmod
                0x000000001000408c                div_u64u64
                0x000000001000408c                divmod_u64u64
                0x000000001000408c                __wrap___aeabi_uldivmod
                0x000000001000409c                divmod_u64u64_savestate
                0x00000000100040c4                divmod_s64s64_unsafe
                0x000000001000414c                divmod_u64u64_unsafe
 .text.__wrap___aeabi_darithmetic
                0x0000000010004488       0x60 CMakeFiles/Assign6.dir/home/justin/pico/pico-sdk/src/rp2_common/pico_double/double_aeabi.S.obj
                0x0000000010004488                __wrap___aeabi_drsub
                0x000000001000448e                __wrap___aeabi_dsub
                0x0000000010004498                __wrap___aeabi_dadd
                0x00000000100044a2                __wrap___aeabi_ddiv
                0x00000000100044d6                __wrap___aeabi_dmul
 .text.__wrap___aeabi_cdcmple
                0x00000000100044e8       0x6c CMakeFiles/Assign6.dir/home/justin/pico/pico-sdk/src/rp2_common/pico_double/double_aeabi.S.obj
                0x00000000100044e8                __wrap___aeabi_cdrcmple
                0x00000000100044f8                __wrap___aeabi_cdcmple
                0x00000000100044f8                __wrap___aeabi_cdcmpeq
 .text.__wrap___aeabi_dcmplt
                0x0000000010004554        0xc CMakeFiles/Assign6.dir/home/justin/pico/pico-sdk/src/rp2_common/pico_double/double_aeabi.S.obj
                0x0000000010004554                __wrap___aeabi_dcmplt
 .text.__wrap___aeabi_dcmple
                0x0000000010004560       0x10 CMakeFiles/Assign6.dir/home/justin/pico/pico-sdk/src/rp2_common/pico_double/double_aeabi.S.obj
                0x0000000010004560                __wrap___aeabi_dcmple
 .text.__wrap___aeabi_dcmpge
                0x0000000010004570       0x10 CMakeFiles/Assign6.dir/home/justin/pico/pico-sdk/src/rp2_common/pico_double/double_aeabi.S.obj
                0x0000000010004570                __wrap___aeabi_dcmpge
 .text.__wrap___aeabi_dcmpgt
                0x0000000010004580        0xa CMakeFiles/Assign6.dir/home/justin/pico/pico-sdk/src/rp2_common/pico_double/double_aeabi.S.obj
                0x0000000010004580                __wrap___aeabi_dcmpgt
 .text.__wrap___aeabi_dcmpun
                0x000000001000458a       0x1c CMakeFiles/Assign6.dir/home/justin/pico/pico-sdk/src/rp2_common/pico_double/double_aeabi.S.obj
                0x000000001000458a                __wrap___aeabi_dcmpun
 *fill*         0x00000000100045a6        0x2 
 .text.__wrap___aeabi_i2d
                0x00000000100045a8       0x38 CMakeFiles/Assign6.dir/home/justin/pico/pico-sdk/src/rp2_common/pico_double/double_aeabi.S.obj
                0x00000000100045a8                __wrap___aeabi_ui2d
                0x00000000100045b0                __wrap___aeabi_i2d
 .text.__wrap___aeabi_d2iz
                0x00000000100045e0       0x48 CMakeFiles/Assign6.dir/home/justin/pico/pico-sdk/src/rp2_common/pico_double/double_aeabi.S.obj
                0x00000000100045e0                __wrap___aeabi_d2iz
                0x00000000100045e0                double2int_z
 .text.__wrap___aeabi_d2uiz
                0x0000000010004628       0x10 CMakeFiles/Assign6.dir/home/justin/pico/pico-sdk/src/rp2_common/pico_double/double_aeabi.S.obj
                0x0000000010004628                double2uint
                0x0000000010004628                __wrap___aeabi_d2uiz
 .text.__wrap___aeabi_d2f
                0x0000000010004638       0x10 CMakeFiles/Assign6.dir/home/justin/pico/pico-sdk/src/rp2_common/pico_double/double_aeabi.S.obj
                0x0000000010004638                __wrap___aeabi_d2f
 .text.missing_double_func_shim
                0x0000000010004648        0xc CMakeFiles/Assign6.dir/home/justin/pico/pico-sdk/src/rp2_common/pico_double/double_init_rom.c.obj
 .text.__aeabi_double_init
                0x0000000010004654       0xcc CMakeFiles/Assign6.dir/home/justin/pico/pico-sdk/src/rp2_common/pico_double/double_init_rom.c.obj
                0x0000000010004654                __aeabi_double_init
 .text.__wrap_round
                0x0000000010004720       0x9c CMakeFiles/Assign6.dir/home/justin/pico/pico-sdk/src/rp2_common/pico_double/double_math.c.obj
                0x0000000010004720                __wrap_round
 .text.double_table_shim_on_use_helper
                0x00000000100047bc       0x34 CMakeFiles/Assign6.dir/home/justin/pico/pico-sdk/src/rp2_common/pico_double/double_v1_rom_shim.S.obj
                0x00000000100047bc                double_table_shim_on_use_helper
 .text.__aeabi_lmul
                0x00000000100047f0       0x32 CMakeFiles/Assign6.dir/home/justin/pico/pico-sdk/src/rp2_common/pico_int64_ops/pico_int64_ops_aeabi.S.obj
                0x00000000100047f0                __wrap___aeabi_lmul
 *fill*         0x0000000010004822        0x2 
 .text.__wrap___aeabi_f2d
                0x0000000010004824        0xc CMakeFiles/Assign6.dir/home/justin/pico/pico-sdk/src/rp2_common/pico_float/float_aeabi.S.obj
                0x0000000010004824                __wrap___aeabi_f2d
 .text.missing_float_func_shim
                0x0000000010004830        0xc CMakeFiles/Assign6.dir/home/justin/pico/pico-sdk/src/rp2_common/pico_float/float_init_rom.c.obj
 .text.__aeabi_float_init
                0x000000001000483c       0x88 CMakeFiles/Assign6.dir/home/justin/pico/pico-sdk/src/rp2_common/pico_float/float_init_rom.c.obj
                0x000000001000483c                __aeabi_float_init
 .text.__wrap_malloc
                0x00000000100048c4       0x24 CMakeFiles/Assign6.dir/home/justin/pico/pico-sdk/src/rp2_common/pico_malloc/pico_malloc.c.obj
                0x00000000100048c4                __wrap_malloc
 .text.__wrap_free
                0x00000000100048e8        0x8 CMakeFiles/Assign6.dir/home/justin/pico/pico-sdk/src/rp2_common/pico_malloc/pico_malloc.c.obj
                0x00000000100048e8                __wrap_free
 .text          0x00000000100048f0       0x10 CMakeFiles/Assign6.dir/home/justin/pico/pico-sdk/src/rp2_common/pico_mem_ops/mem_ops_aeabi.S.obj
                0x00000000100048f0                __aeabi_mem_init
 .text.memset   0x0000000010004900        0xc CMakeFiles/Assign6.dir/home/justin/pico/pico-sdk/src/rp2_common/pico_mem_ops/mem_ops_aeabi.S.obj
                0x0000000010004900                __wrap_memset
 .text.memcpy   0x000000001000490c        0xc CMakeFiles/Assign6.dir/home/justin/pico/pico-sdk/src/rp2_common/pico_mem_ops/mem_ops_aeabi.S.obj
                0x000000001000490c                __wrap___aeabi_memcpy
                0x000000001000490c                __wrap_memcpy
 .text.stdio_out_chars_no_crlf
                0x0000000010004918        0xe CMakeFiles/Assign6.dir/home/justin/pico/pico-sdk/src/rp2_common/pico_stdio/stdio.c.obj
 *fill*         0x0000000010004926        0x2 
 .text.stdio_out_chars_crlf
                0x0000000010004928       0x80 CMakeFiles/Assign6.dir/home/justin/pico/pico-sdk/src/rp2_common/pico_stdio/stdio.c.obj
 .text.stdio_stack_buffer_flush
                0x00000000100049a8       0x44 CMakeFiles/Assign6.dir/home/justin/pico/pico-sdk/src/rp2_common/pico_stdio/stdio.c.obj
 .text.stdio_buffered_printer
                0x00000000100049ec       0x20 CMakeFiles/Assign6.dir/home/justin/pico/pico-sdk/src/rp2_common/pico_stdio/stdio.c.obj
 .text.stdout_serialize_begin
                0x0000000010004a0c       0x30 CMakeFiles/Assign6.dir/home/justin/pico/pico-sdk/src/rp2_common/pico_stdio/stdio.c.obj
                0x0000000010004a0c                stdout_serialize_begin
 .text.stdout_serialize_end
                0x0000000010004a3c       0x10 CMakeFiles/Assign6.dir/home/justin/pico/pico-sdk/src/rp2_common/pico_stdio/stdio.c.obj
                0x0000000010004a3c                stdout_serialize_end
 .text.stdio_put_string
                0x0000000010004a4c       0x98 CMakeFiles/Assign6.dir/home/justin/pico/pico-sdk/src/rp2_common/pico_stdio/stdio.c.obj
 .text.stdio_set_driver_enabled
                0x0000000010004ae4       0x38 CMakeFiles/Assign6.dir/home/justin/pico/pico-sdk/src/rp2_common/pico_stdio/stdio.c.obj
                0x0000000010004ae4                stdio_set_driver_enabled
 .text.stdio_flush
                0x0000000010004b1c       0x20 CMakeFiles/Assign6.dir/home/justin/pico/pico-sdk/src/rp2_common/pico_stdio/stdio.c.obj
                0x0000000010004b1c                stdio_flush
 .text.__wrap_puts
                0x0000000010004b3c       0x1e CMakeFiles/Assign6.dir/home/justin/pico/pico-sdk/src/rp2_common/pico_stdio/stdio.c.obj
                0x0000000010004b3c                __wrap_puts
 *fill*         0x0000000010004b5a        0x2 
 .text.__wrap_vprintf
                0x0000000010004b5c       0x44 CMakeFiles/Assign6.dir/home/justin/pico/pico-sdk/src/rp2_common/pico_stdio/stdio.c.obj
                0x0000000010004b5c                __wrap_vprintf
 .text.__wrap_printf
                0x0000000010004ba0       0x18 CMakeFiles/Assign6.dir/home/justin/pico/pico-sdk/src/rp2_common/pico_stdio/stdio.c.obj
                0x0000000010004ba0                __wrap_printf
 .text.stdio_init_all
                0x0000000010004bb8        0x8 CMakeFiles/Assign6.dir/home/justin/pico/pico-sdk/src/rp2_common/pico_stdio/stdio.c.obj
                0x0000000010004bb8                stdio_init_all
 .text.resetd_init
                0x0000000010004bc0        0x2 CMakeFiles/Assign6.dir/home/justin/pico/pico-sdk/src/rp2_common/pico_stdio_usb/reset_interface.c.obj
 *fill*         0x0000000010004bc2        0x2 
 .text.resetd_reset
                0x0000000010004bc4        0xc CMakeFiles/Assign6.dir/home/justin/pico/pico-sdk/src/rp2_common/pico_stdio_usb/reset_interface.c.obj
 .text.resetd_open
                0x0000000010004bd0       0x34 CMakeFiles/Assign6.dir/home/justin/pico/pico-sdk/src/rp2_common/pico_stdio_usb/reset_interface.c.obj
 .text.resetd_xfer_cb
                0x0000000010004c04        0x4 CMakeFiles/Assign6.dir/home/justin/pico/pico-sdk/src/rp2_common/pico_stdio_usb/reset_interface.c.obj
 .text.resetd_control_xfer_cb
                0x0000000010004c08       0x6c CMakeFiles/Assign6.dir/home/justin/pico/pico-sdk/src/rp2_common/pico_stdio_usb/reset_interface.c.obj
 .text.usbd_app_driver_get_cb
                0x0000000010004c74        0xc CMakeFiles/Assign6.dir/home/justin/pico/pico-sdk/src/rp2_common/pico_stdio_usb/reset_interface.c.obj
                0x0000000010004c74                usbd_app_driver_get_cb
 .text.tud_cdc_line_coding_cb
                0x0000000010004c80       0x34 CMakeFiles/Assign6.dir/home/justin/pico/pico-sdk/src/rp2_common/pico_stdio_usb/reset_interface.c.obj
                0x0000000010004c80                tud_cdc_line_coding_cb
 .text.stdio_usb_in_chars
                0x0000000010004cb4       0x70 CMakeFiles/Assign6.dir/home/justin/pico/pico-sdk/src/rp2_common/pico_stdio_usb/stdio_usb.c.obj
                0x0000000010004cb4                stdio_usb_in_chars
 .text.low_priority_worker_irq
                0x0000000010004d24       0x20 CMakeFiles/Assign6.dir/home/justin/pico/pico-sdk/src/rp2_common/pico_stdio_usb/stdio_usb.c.obj
 .text.stdio_usb_out_chars
                0x0000000010004d44       0xd4 CMakeFiles/Assign6.dir/home/justin/pico/pico-sdk/src/rp2_common/pico_stdio_usb/stdio_usb.c.obj
 .text.timer_task
                0x0000000010004e18       0x10 CMakeFiles/Assign6.dir/home/justin/pico/pico-sdk/src/rp2_common/pico_stdio_usb/stdio_usb.c.obj
 .text.stdio_usb_init
                0x0000000010004e28       0xb8 CMakeFiles/Assign6.dir/home/justin/pico/pico-sdk/src/rp2_common/pico_stdio_usb/stdio_usb.c.obj
                0x0000000010004e28                stdio_usb_init
 .text.tud_descriptor_device_cb
                0x0000000010004ee0        0x8 CMakeFiles/Assign6.dir/home/justin/pico/pico-sdk/src/rp2_common/pico_stdio_usb/stdio_usb_descriptors.c.obj
                0x0000000010004ee0                tud_descriptor_device_cb
 .text.tud_descriptor_configuration_cb
                0x0000000010004ee8        0x8 CMakeFiles/Assign6.dir/home/justin/pico/pico-sdk/src/rp2_common/pico_stdio_usb/stdio_usb_descriptors.c.obj
                0x0000000010004ee8                tud_descriptor_configuration_cb
 .text.tud_descriptor_string_cb
                0x0000000010004ef0       0x6c CMakeFiles/Assign6.dir/home/justin/pico/pico-sdk/src/rp2_common/pico_stdio_usb/stdio_usb_descriptors.c.obj
                0x0000000010004ef0                tud_descriptor_string_cb
 .text.hw_endpoint_get_by_addr
                0x0000000010004f5c       0x18 CMakeFiles/Assign6.dir/home/justin/pico/pico-sdk/lib/tinyusb/src/portable/raspberrypi/rp2040/dcd_rp2040.c.obj
 .text.reset_ep0_pid
                0x0000000010004f74       0x28 CMakeFiles/Assign6.dir/home/justin/pico/pico-sdk/lib/tinyusb/src/portable/raspberrypi/rp2040/dcd_rp2040.c.obj
 .text._hw_endpoint_alloc
                0x0000000010004f9c       0x70 CMakeFiles/Assign6.dir/home/justin/pico/pico-sdk/lib/tinyusb/src/portable/raspberrypi/rp2040/dcd_rp2040.c.obj
 .text.hw_endpoint_init
                0x000000001000500c       0x88 CMakeFiles/Assign6.dir/home/justin/pico/pico-sdk/lib/tinyusb/src/portable/raspberrypi/rp2040/dcd_rp2040.c.obj
 .text.reset_non_control_endpoints
                0x0000000010005094       0x40 CMakeFiles/Assign6.dir/home/justin/pico/pico-sdk/lib/tinyusb/src/portable/raspberrypi/rp2040/dcd_rp2040.c.obj
 .text.hw_handle_buff_status
                0x00000000100050d4       0x8c CMakeFiles/Assign6.dir/home/justin/pico/pico-sdk/lib/tinyusb/src/portable/raspberrypi/rp2040/dcd_rp2040.c.obj
 .text.dcd_rp2040_irq
                0x0000000010005160       0xc0 CMakeFiles/Assign6.dir/home/justin/pico/pico-sdk/lib/tinyusb/src/portable/raspberrypi/rp2040/dcd_rp2040.c.obj
 .text.hw_endpoint_xfer
                0x0000000010005220       0x14 CMakeFiles/Assign6.dir/home/justin/pico/pico-sdk/lib/tinyusb/src/portable/raspberrypi/rp2040/dcd_rp2040.c.obj
 .text.dcd_int_enable
                0x0000000010005234       0x2c CMakeFiles/Assign6.dir/home/justin/pico/pico-sdk/lib/tinyusb/src/portable/raspberrypi/rp2040/dcd_rp2040.c.obj
                0x0000000010005234                dcd_int_enable
 .text.dcd_set_address
                0x0000000010005260       0x2c CMakeFiles/Assign6.dir/home/justin/pico/pico-sdk/lib/tinyusb/src/portable/raspberrypi/rp2040/dcd_rp2040.c.obj
                0x0000000010005260                dcd_set_address
 .text.dcd_connect
                0x000000001000528c       0x10 CMakeFiles/Assign6.dir/home/justin/pico/pico-sdk/lib/tinyusb/src/portable/raspberrypi/rp2040/dcd_rp2040.c.obj
                0x000000001000528c                dcd_connect
 .text.dcd_init
                0x000000001000529c       0x7c CMakeFiles/Assign6.dir/home/justin/pico/pico-sdk/lib/tinyusb/src/portable/raspberrypi/rp2040/dcd_rp2040.c.obj
                0x000000001000529c                dcd_init
 .text.dcd_edpt0_status_complete
                0x0000000010005318       0x1c CMakeFiles/Assign6.dir/home/justin/pico/pico-sdk/lib/tinyusb/src/portable/raspberrypi/rp2040/dcd_rp2040.c.obj
                0x0000000010005318                dcd_edpt0_status_complete
 .text.dcd_edpt_open
                0x0000000010005334       0x40 CMakeFiles/Assign6.dir/home/justin/pico/pico-sdk/lib/tinyusb/src/portable/raspberrypi/rp2040/dcd_rp2040.c.obj
                0x0000000010005334                dcd_edpt_open
 .text.dcd_edpt_close_all
                0x0000000010005374        0x8 CMakeFiles/Assign6.dir/home/justin/pico/pico-sdk/lib/tinyusb/src/portable/raspberrypi/rp2040/dcd_rp2040.c.obj
                0x0000000010005374                dcd_edpt_close_all
 .text.dcd_edpt_xfer
                0x000000001000537c       0x30 CMakeFiles/Assign6.dir/home/justin/pico/pico-sdk/lib/tinyusb/src/portable/raspberrypi/rp2040/dcd_rp2040.c.obj
                0x000000001000537c                dcd_edpt_xfer
 .text.dcd_edpt_stall
                0x00000000100053ac       0x2c CMakeFiles/Assign6.dir/home/justin/pico/pico-sdk/lib/tinyusb/src/portable/raspberrypi/rp2040/dcd_rp2040.c.obj
                0x00000000100053ac                dcd_edpt_stall
 .text.dcd_edpt_clear_stall
                0x00000000100053d8       0x20 CMakeFiles/Assign6.dir/home/justin/pico/pico-sdk/lib/tinyusb/src/portable/raspberrypi/rp2040/dcd_rp2040.c.obj
                0x00000000100053d8                dcd_edpt_clear_stall
 .text.prepare_ep_buffer
                0x00000000100053f8       0x70 CMakeFiles/Assign6.dir/home/justin/pico/pico-sdk/lib/tinyusb/src/portable/raspberrypi/rp2040/rp2040_usb.c.obj
 .text.sync_ep_buffer
                0x0000000010005468       0x7c CMakeFiles/Assign6.dir/home/justin/pico/pico-sdk/lib/tinyusb/src/portable/raspberrypi/rp2040/rp2040_usb.c.obj
 .text._hw_endpoint_xfer_sync
                0x00000000100054e4       0x28 CMakeFiles/Assign6.dir/home/justin/pico/pico-sdk/lib/tinyusb/src/portable/raspberrypi/rp2040/rp2040_usb.c.obj
 .text.rp2040_usb_init
                0x000000001000550c       0x4c CMakeFiles/Assign6.dir/home/justin/pico/pico-sdk/lib/tinyusb/src/portable/raspberrypi/rp2040/rp2040_usb.c.obj
                0x000000001000550c                rp2040_usb_init
 .text.hw_endpoint_reset_transfer
                0x0000000010005558        0xc CMakeFiles/Assign6.dir/home/justin/pico/pico-sdk/lib/tinyusb/src/portable/raspberrypi/rp2040/rp2040_usb.c.obj
                0x0000000010005558                hw_endpoint_reset_transfer
 .text._hw_endpoint_buffer_control_update32
                0x0000000010005564       0x58 CMakeFiles/Assign6.dir/home/justin/pico/pico-sdk/lib/tinyusb/src/portable/raspberrypi/rp2040/rp2040_usb.c.obj
                0x0000000010005564                _hw_endpoint_buffer_control_update32
 .text._hw_endpoint_start_next_buffer
                0x00000000100055bc       0x74 CMakeFiles/Assign6.dir/home/justin/pico/pico-sdk/lib/tinyusb/src/portable/raspberrypi/rp2040/rp2040_usb.c.obj
 .text.hw_endpoint_xfer_start
                0x0000000010005630       0x48 CMakeFiles/Assign6.dir/home/justin/pico/pico-sdk/lib/tinyusb/src/portable/raspberrypi/rp2040/rp2040_usb.c.obj
                0x0000000010005630                hw_endpoint_xfer_start
 .text.hw_endpoint_xfer_continue
                0x0000000010005678       0x38 CMakeFiles/Assign6.dir/home/justin/pico/pico-sdk/lib/tinyusb/src/portable/raspberrypi/rp2040/rp2040_usb.c.obj
                0x0000000010005678                hw_endpoint_xfer_continue
 .text.configuration_reset
                0x00000000100056b0       0x84 CMakeFiles/Assign6.dir/home/justin/pico/pico-sdk/lib/tinyusb/src/device/usbd.c.obj
 .text.usbd_reset
                0x0000000010005734        0xc CMakeFiles/Assign6.dir/home/justin/pico/pico-sdk/lib/tinyusb/src/device/usbd.c.obj
 .text.invoke_class_control
                0x0000000010005740       0x1a CMakeFiles/Assign6.dir/home/justin/pico/pico-sdk/lib/tinyusb/src/device/usbd.c.obj
 *fill*         0x000000001000575a        0x2 
 .text.process_set_config
                0x000000001000575c      0x1ac CMakeFiles/Assign6.dir/home/justin/pico/pico-sdk/lib/tinyusb/src/device/usbd.c.obj
 .text.process_get_descriptor
                0x0000000010005908       0xec CMakeFiles/Assign6.dir/home/justin/pico/pico-sdk/lib/tinyusb/src/device/usbd.c.obj
 .text.tud_mounted
                0x00000000100059f4       0x10 CMakeFiles/Assign6.dir/home/justin/pico/pico-sdk/lib/tinyusb/src/device/usbd.c.obj
                0x00000000100059f4                tud_mounted
 .text.tud_suspended
                0x0000000010005a04       0x10 CMakeFiles/Assign6.dir/home/justin/pico/pico-sdk/lib/tinyusb/src/device/usbd.c.obj
                0x0000000010005a04                tud_suspended
 .text.tud_inited
                0x0000000010005a14        0xc CMakeFiles/Assign6.dir/home/justin/pico/pico-sdk/lib/tinyusb/src/device/usbd.c.obj
                0x0000000010005a14                tud_inited
 .text.tud_init
                0x0000000010005a20       0xcc CMakeFiles/Assign6.dir/home/justin/pico/pico-sdk/lib/tinyusb/src/device/usbd.c.obj
                0x0000000010005a20                tud_init
 .text.dcd_event_handler
                0x0000000010005aec      0x1e0 CMakeFiles/Assign6.dir/home/justin/pico/pico-sdk/lib/tinyusb/src/device/usbd.c.obj
                0x0000000010005aec                dcd_event_handler
 .text.dcd_event_bus_signal
                0x0000000010005ccc       0x26 CMakeFiles/Assign6.dir/home/justin/pico/pico-sdk/lib/tinyusb/src/device/usbd.c.obj
                0x0000000010005ccc                dcd_event_bus_signal
 .text.dcd_event_bus_reset
                0x0000000010005cf2       0x2a CMakeFiles/Assign6.dir/home/justin/pico/pico-sdk/lib/tinyusb/src/device/usbd.c.obj
                0x0000000010005cf2                dcd_event_bus_reset
 .text.dcd_event_setup_received
                0x0000000010005d1c       0x34 CMakeFiles/Assign6.dir/home/justin/pico/pico-sdk/lib/tinyusb/src/device/usbd.c.obj
                0x0000000010005d1c                dcd_event_setup_received
 .text.dcd_event_xfer_complete
                0x0000000010005d50       0x44 CMakeFiles/Assign6.dir/home/justin/pico/pico-sdk/lib/tinyusb/src/device/usbd.c.obj
                0x0000000010005d50                dcd_event_xfer_complete
 .text.usbd_edpt_open
                0x0000000010005d94       0x58 CMakeFiles/Assign6.dir/home/justin/pico/pico-sdk/lib/tinyusb/src/device/usbd.c.obj
                0x0000000010005d94                usbd_edpt_open
 .text.usbd_open_edpt_pair
                0x0000000010005dec       0x8c CMakeFiles/Assign6.dir/home/justin/pico/pico-sdk/lib/tinyusb/src/device/usbd.c.obj
                0x0000000010005dec                usbd_open_edpt_pair
 .text.usbd_edpt_claim
                0x0000000010005e78       0x8c CMakeFiles/Assign6.dir/home/justin/pico/pico-sdk/lib/tinyusb/src/device/usbd.c.obj
                0x0000000010005e78                usbd_edpt_claim
 .text.usbd_edpt_release
                0x0000000010005f04       0x68 CMakeFiles/Assign6.dir/home/justin/pico/pico-sdk/lib/tinyusb/src/device/usbd.c.obj
                0x0000000010005f04                usbd_edpt_release
 .text.usbd_edpt_xfer
                0x0000000010005f6c       0x80 CMakeFiles/Assign6.dir/home/justin/pico/pico-sdk/lib/tinyusb/src/device/usbd.c.obj
                0x0000000010005f6c                usbd_edpt_xfer
 .text.usbd_edpt_stall
                0x0000000010005fec       0x40 CMakeFiles/Assign6.dir/home/justin/pico/pico-sdk/lib/tinyusb/src/device/usbd.c.obj
                0x0000000010005fec                usbd_edpt_stall
 .text.usbd_edpt_clear_stall
                0x000000001000602c       0x40 CMakeFiles/Assign6.dir/home/justin/pico/pico-sdk/lib/tinyusb/src/device/usbd.c.obj
                0x000000001000602c                usbd_edpt_clear_stall
 .text.usbd_edpt_stalled
                0x000000001000606c       0x1c CMakeFiles/Assign6.dir/home/justin/pico/pico-sdk/lib/tinyusb/src/device/usbd.c.obj
                0x000000001000606c                usbd_edpt_stalled
 .text.process_control_request
                0x0000000010006088      0x3b8 CMakeFiles/Assign6.dir/home/justin/pico/pico-sdk/lib/tinyusb/src/device/usbd.c.obj
 .text.tud_task
                0x0000000010006440      0x218 CMakeFiles/Assign6.dir/home/justin/pico/pico-sdk/lib/tinyusb/src/device/usbd.c.obj
                0x0000000010006440                tud_task
 .text._data_stage_xact
                0x0000000010006658       0x58 CMakeFiles/Assign6.dir/home/justin/pico/pico-sdk/lib/tinyusb/src/device/usbd_control.c.obj
 .text.tud_control_status
                0x00000000100066b0       0x38 CMakeFiles/Assign6.dir/home/justin/pico/pico-sdk/lib/tinyusb/src/device/usbd_control.c.obj
                0x00000000100066b0                tud_control_status
 .text.tud_control_xfer
                0x00000000100066e8       0xa8 CMakeFiles/Assign6.dir/home/justin/pico/pico-sdk/lib/tinyusb/src/device/usbd_control.c.obj
                0x00000000100066e8                tud_control_xfer
 .text.usbd_control_reset
                0x0000000010006790       0x14 CMakeFiles/Assign6.dir/home/justin/pico/pico-sdk/lib/tinyusb/src/device/usbd_control.c.obj
                0x0000000010006790                usbd_control_reset
 .text.usbd_control_set_complete_callback
                0x00000000100067a4        0xc CMakeFiles/Assign6.dir/home/justin/pico/pico-sdk/lib/tinyusb/src/device/usbd_control.c.obj
                0x00000000100067a4                usbd_control_set_complete_callback
 .text.usbd_control_set_request
                0x00000000100067b0       0x1c CMakeFiles/Assign6.dir/home/justin/pico/pico-sdk/lib/tinyusb/src/device/usbd_control.c.obj
                0x00000000100067b0                usbd_control_set_request
 .text.usbd_control_xfer_cb
                0x00000000100067cc       0xfc CMakeFiles/Assign6.dir/home/justin/pico/pico-sdk/lib/tinyusb/src/device/usbd_control.c.obj
                0x00000000100067cc                usbd_control_xfer_cb
 .text._prep_out_transaction
                0x00000000100068c8       0x46 CMakeFiles/Assign6.dir/home/justin/pico/pico-sdk/lib/tinyusb/src/class/cdc/cdc_device.c.obj
 *fill*         0x000000001000690e        0x2 
 .text.tud_cdc_n_connected
                0x0000000010006910       0x44 CMakeFiles/Assign6.dir/home/justin/pico/pico-sdk/lib/tinyusb/src/class/cdc/cdc_device.c.obj
                0x0000000010006910                tud_cdc_n_connected
 .text.tud_cdc_n_available
                0x0000000010006954       0x18 CMakeFiles/Assign6.dir/home/justin/pico/pico-sdk/lib/tinyusb/src/class/cdc/cdc_device.c.obj
                0x0000000010006954                tud_cdc_n_available
 .text.tud_cdc_n_read
                0x000000001000696c       0x28 CMakeFiles/Assign6.dir/home/justin/pico/pico-sdk/lib/tinyusb/src/class/cdc/cdc_device.c.obj
                0x000000001000696c                tud_cdc_n_read
 .text.tud_cdc_n_write_flush
                0x0000000010006994       0xcc CMakeFiles/Assign6.dir/home/justin/pico/pico-sdk/lib/tinyusb/src/class/cdc/cdc_device.c.obj
                0x0000000010006994                tud_cdc_n_write_flush
 .text.tud_cdc_n_write
                0x0000000010006a60       0x38 CMakeFiles/Assign6.dir/home/justin/pico/pico-sdk/lib/tinyusb/src/class/cdc/cdc_device.c.obj
                0x0000000010006a60                tud_cdc_n_write
 .text.tud_cdc_n_write_available
                0x0000000010006a98       0x1c CMakeFiles/Assign6.dir/home/justin/pico/pico-sdk/lib/tinyusb/src/class/cdc/cdc_device.c.obj
                0x0000000010006a98                tud_cdc_n_write_available
 .text.cdcd_init
                0x0000000010006ab4       0xbc CMakeFiles/Assign6.dir/home/justin/pico/pico-sdk/lib/tinyusb/src/class/cdc/cdc_device.c.obj
                0x0000000010006ab4                cdcd_init
 .text.cdcd_reset
                0x0000000010006b70       0x44 CMakeFiles/Assign6.dir/home/justin/pico/pico-sdk/lib/tinyusb/src/class/cdc/cdc_device.c.obj
                0x0000000010006b70                cdcd_reset
 .text.cdcd_open
                0x0000000010006bb4       0xf8 CMakeFiles/Assign6.dir/home/justin/pico/pico-sdk/lib/tinyusb/src/class/cdc/cdc_device.c.obj
                0x0000000010006bb4                cdcd_open
 .text.cdcd_control_xfer_cb
                0x0000000010006cac      0x134 CMakeFiles/Assign6.dir/home/justin/pico/pico-sdk/lib/tinyusb/src/class/cdc/cdc_device.c.obj
                0x0000000010006cac                cdcd_control_xfer_cb
 .text.cdcd_xfer_cb
                0x0000000010006de0      0x144 CMakeFiles/Assign6.dir/home/justin/pico/pico-sdk/lib/tinyusb/src/class/cdc/cdc_device.c.obj
                0x0000000010006de0                cdcd_xfer_cb
 .text.tusb_init
                0x0000000010006f24       0x24 CMakeFiles/Assign6.dir/home/justin/pico/pico-sdk/lib/tinyusb/src/tusb.c.obj
                0x0000000010006f24                tusb_init
 .text.tusb_inited
                0x0000000010006f48        0xe CMakeFiles/Assign6.dir/home/justin/pico/pico-sdk/lib/tinyusb/src/tusb.c.obj
                0x0000000010006f48                tusb_inited
 *fill*         0x0000000010006f56        0x2 
 .text.tu_edpt_validate
                0x0000000010006f58       0xa8 CMakeFiles/Assign6.dir/home/justin/pico/pico-sdk/lib/tinyusb/src/tusb.c.obj
                0x0000000010006f58                tu_edpt_validate
 .text.tu_edpt_bind_driver
                0x0000000010007000       0x2a CMakeFiles/Assign6.dir/home/justin/pico/pico-sdk/lib/tinyusb/src/tusb.c.obj
                0x0000000010007000                tu_edpt_bind_driver
 .text.advance_pointer
                0x000000001000702a       0x18 CMakeFiles/Assign6.dir/home/justin/pico/pico-sdk/lib/tinyusb/src/common/tusb_fifo.c.obj
 .text.backward_pointer
                0x0000000010007042       0x1e CMakeFiles/Assign6.dir/home/justin/pico/pico-sdk/lib/tinyusb/src/common/tusb_fifo.c.obj
 .text.get_relative_pointer
                0x0000000010007060       0x10 CMakeFiles/Assign6.dir/home/justin/pico/pico-sdk/lib/tinyusb/src/common/tusb_fifo.c.obj
 .text._tu_fifo_peek
                0x0000000010007070       0x50 CMakeFiles/Assign6.dir/home/justin/pico/pico-sdk/lib/tinyusb/src/common/tusb_fifo.c.obj
 .text._ff_pull_const_addr
                0x00000000100070c0       0x4c CMakeFiles/Assign6.dir/home/justin/pico/pico-sdk/lib/tinyusb/src/common/tusb_fifo.c.obj
 .text._ff_pull_n
                0x000000001000710c      0x10c CMakeFiles/Assign6.dir/home/justin/pico/pico-sdk/lib/tinyusb/src/common/tusb_fifo.c.obj
 .text._tu_fifo_peek_n
                0x0000000010007218       0x5e CMakeFiles/Assign6.dir/home/justin/pico/pico-sdk/lib/tinyusb/src/common/tusb_fifo.c.obj
 .text._tu_fifo_read_n
                0x0000000010007276       0x4e CMakeFiles/Assign6.dir/home/justin/pico/pico-sdk/lib/tinyusb/src/common/tusb_fifo.c.obj
 .text._ff_push_const_addr
                0x00000000100072c4       0x40 CMakeFiles/Assign6.dir/home/justin/pico/pico-sdk/lib/tinyusb/src/common/tusb_fifo.c.obj
 .text._ff_push_n
                0x0000000010007304      0x106 CMakeFiles/Assign6.dir/home/justin/pico/pico-sdk/lib/tinyusb/src/common/tusb_fifo.c.obj
 .text._tu_fifo_write_n
                0x000000001000740a       0x9e CMakeFiles/Assign6.dir/home/justin/pico/pico-sdk/lib/tinyusb/src/common/tusb_fifo.c.obj
 .text.tu_fifo_config
                0x00000000100074a8       0x72 CMakeFiles/Assign6.dir/home/justin/pico/pico-sdk/lib/tinyusb/src/common/tusb_fifo.c.obj
                0x00000000100074a8                tu_fifo_config
 .text.tu_fifo_count
                0x000000001000751a       0x26 CMakeFiles/Assign6.dir/home/justin/pico/pico-sdk/lib/tinyusb/src/common/tusb_fifo.c.obj
                0x000000001000751a                tu_fifo_count
 .text.tu_fifo_empty
                0x0000000010007540        0xe CMakeFiles/Assign6.dir/home/justin/pico/pico-sdk/lib/tinyusb/src/common/tusb_fifo.c.obj
                0x0000000010007540                tu_fifo_empty
 .text.tu_fifo_remaining
                0x000000001000754e       0x20 CMakeFiles/Assign6.dir/home/justin/pico/pico-sdk/lib/tinyusb/src/common/tusb_fifo.c.obj
                0x000000001000754e                tu_fifo_remaining
 .text.tu_fifo_read
                0x000000001000756e       0x42 CMakeFiles/Assign6.dir/home/justin/pico/pico-sdk/lib/tinyusb/src/common/tusb_fifo.c.obj
                0x000000001000756e                tu_fifo_read
 .text.tu_fifo_read_n
                0x00000000100075b0        0xa CMakeFiles/Assign6.dir/home/justin/pico/pico-sdk/lib/tinyusb/src/common/tusb_fifo.c.obj
                0x00000000100075b0                tu_fifo_read_n
 .text.tu_fifo_write
                0x00000000100075ba       0x6c CMakeFiles/Assign6.dir/home/justin/pico/pico-sdk/lib/tinyusb/src/common/tusb_fifo.c.obj
                0x00000000100075ba                tu_fifo_write
 .text.tu_fifo_write_n
                0x0000000010007626        0xa CMakeFiles/Assign6.dir/home/justin/pico/pico-sdk/lib/tinyusb/src/common/tusb_fifo.c.obj
                0x0000000010007626                tu_fifo_write_n
 .text.tu_fifo_clear
                0x0000000010007630       0x4c CMakeFiles/Assign6.dir/home/justin/pico/pico-sdk/lib/tinyusb/src/common/tusb_fifo.c.obj
                0x0000000010007630                tu_fifo_clear
 .text.tu_fifo_set_overwritable
                0x000000001000767c       0x3c CMakeFiles/Assign6.dir/home/justin/pico/pico-sdk/lib/tinyusb/src/common/tusb_fifo.c.obj
                0x000000001000767c                tu_fifo_set_overwritable
 .text._retrieve_unique_id_on_boot
                0x00000000100076b8       0x10 CMakeFiles/Assign6.dir/home/justin/pico/pico-sdk/src/rp2_common/pico_unique_id/unique_id.c.obj
 .text.pico_get_unique_board_id_string
                0x00000000100076c8       0x60 CMakeFiles/Assign6.dir/home/justin/pico/pico-sdk/src/rp2_common/pico_unique_id/unique_id.c.obj
                0x00000000100076c8                pico_get_unique_board_id_string
 .text.flash_get_unique_id
                0x0000000010007728       0x46 CMakeFiles/Assign6.dir/home/justin/pico/pico-sdk/src/rp2_common/hardware_flash/flash.c.obj
                0x0000000010007728                flash_get_unique_id
 .text.i2c_write_blocking_internal
                0x000000001000776e      0x13c CMakeFiles/Assign6.dir/home/justin/pico/pico-sdk/src/rp2_common/hardware_i2c/i2c.c.obj
 .text.i2c_read_blocking_internal
                0x00000000100078aa       0xe0 CMakeFiles/Assign6.dir/home/justin/pico/pico-sdk/src/rp2_common/hardware_i2c/i2c.c.obj
 *fill*         0x000000001000798a        0x2 
 .text.i2c_set_baudrate
                0x000000001000798c       0xf0 CMakeFiles/Assign6.dir/home/justin/pico/pico-sdk/src/rp2_common/hardware_i2c/i2c.c.obj
                0x000000001000798c                i2c_set_baudrate
 .text.i2c_init
                0x0000000010007a7c       0x58 CMakeFiles/Assign6.dir/home/justin/pico/pico-sdk/src/rp2_common/hardware_i2c/i2c.c.obj
                0x0000000010007a7c                i2c_init
 .text.i2c_write_blocking
                0x0000000010007ad4       0x18 CMakeFiles/Assign6.dir/home/justin/pico/pico-sdk/src/rp2_common/hardware_i2c/i2c.c.obj
                0x0000000010007ad4                i2c_write_blocking
 .text.i2c_read_blocking
                0x0000000010007aec       0x18 CMakeFiles/Assign6.dir/home/justin/pico/pico-sdk/src/rp2_common/hardware_i2c/i2c.c.obj
                0x0000000010007aec                i2c_read_blocking
 .text          0x0000000010007b04      0x9b8 libfreertos.a(queue.c.obj)
                0x0000000010007c68                xQueueGenericReset
                0x0000000010007d3c                xQueueGenericCreate
                0x0000000010007dba                xQueueGenericSend
                0x0000000010007ec4                xQueueCreateMutex
                0x0000000010007eda                xQueueGenericSendFromISR
                0x0000000010007f60                xQueueGiveFromISR
                0x0000000010007fd0                xQueueReceive
                0x00000000100080be                xQueueSemaphoreTake
                0x00000000100081e6                xQueuePeek
                0x00000000100082d4                xQueueReceiveFromISR
                0x0000000010008352                xQueuePeekFromISR
                0x0000000010008380                uxQueueMessagesWaiting
                0x0000000010008392                uxQueueSpacesAvailable
                0x00000000100083a8                uxQueueMessagesWaitingFromISR
                0x00000000100083ac                xQueueIsQueueEmptyFromISR
                0x00000000100083ba                xQueueIsQueueFullFromISR
                0x00000000100083ca                vQueueAddToRegistry
                0x0000000010008410                pcQueueGetName
                0x0000000010008434                vQueueUnregisterQueue
                0x000000001000845c                vQueueDelete
                0x000000001000846c                vQueueWaitForMessageRestricted
 .text          0x00000000100084bc     0x1484 libfreertos.a(tasks.c.obj)
                0x000000001000877c                xTaskCreate
                0x00000000100087e4                vTaskDelete
                0x0000000010008868                uxTaskPriorityGet
                0x0000000010008888                uxTaskPriorityGetFromISR
                0x00000000100088a8                vTaskPrioritySet
                0x0000000010008984                vTaskResume
                0x0000000010008a08                xTaskResumeFromISR
                0x0000000010008aa4                vTaskStartScheduler
                0x0000000010008b00                vTaskEndScheduler
                0x0000000010008b14                vTaskSuspendAll
                0x0000000010008b24                xTaskGetTickCount
                0x0000000010008b30                xTaskGetTickCountFromISR
                0x0000000010008b3c                uxTaskGetNumberOfTasks
                0x0000000010008b48                pcTaskGetName
                0x0000000010008b5c                xTaskIncrementTick
                0x0000000010008c98                xTaskResumeAll
                0x0000000010008db8                xTaskDelayUntil
                0x0000000010008e18                vTaskDelay
                0x0000000010008e38                xTaskCatchUpTicks
                0x0000000010008e5c                vTaskSwitchContext
                0x0000000010008ed4                vTaskSuspend
                0x0000000010008f78                vTaskPlaceOnEventList
                0x0000000010008f94                vTaskPlaceOnUnorderedEventList
                0x0000000010008fd4                vTaskPlaceOnEventListRestricted
                0x0000000010009014                xTaskRemoveFromEventList
                0x00000000100090e8                vTaskRemoveFromUnorderedEventList
                0x0000000010009198                vTaskSetTimeOutState
                0x00000000100091b4                vTaskInternalSetTimeOutState
                0x00000000100091c4                xTaskCheckForTimeOut
                0x000000001000921c                vTaskMissedYield
                0x0000000010009228                vTaskSetThreadLocalStoragePointer
                0x0000000010009244                pvTaskGetThreadLocalStoragePointer
                0x0000000010009264                xTaskGetCurrentTaskHandle
                0x0000000010009270                xTaskGetSchedulerState
                0x0000000010009290                xTaskPriorityInherit
                0x0000000010009344                xTaskPriorityDisinherit
                0x00000000100093c4                vTaskPriorityDisinheritAfterTimeout
                0x0000000010009450                uxTaskResetEventItemValue
                0x0000000010009468                pvTaskIncrementMutexHeldCount
                0x0000000010009484                ulTaskGenericNotifyTake
                0x0000000010009510                xTaskGenericNotifyWait
                0x00000000100095b0                xTaskGenericNotify
                0x00000000100096b8                xTaskGenericNotifyFromISR
                0x00000000100097fc                vTaskGenericNotifyGiveFromISR
                0x00000000100098d8                xTaskGenericNotifyStateClear
                0x0000000010009910                ulTaskGenericNotifyValueClear
 .text          0x0000000010009940      0x47c libfreertos.a(timers.c.obj)
                0x0000000010009c4a                xTimerCreateTimerTask
                0x0000000010009c84                xTimerCreate
                0x0000000010009cb8                xTimerGenericCommand
                0x0000000010009d10                xTimerGetTimerDaemonTaskHandle
                0x0000000010009d1c                xTimerGetPeriod
                0x0000000010009d20                vTimerSetReloadMode
                0x0000000010009d4a                xTimerGetReloadMode
                0x0000000010009d68                uxTimerGetReloadMode
                0x0000000010009d70                xTimerGetExpiryTime
                0x0000000010009d74                pcTimerGetName
                0x0000000010009d78                xTimerIsTimerActive
                0x0000000010009d96                pvTimerGetTimerID
                0x0000000010009da8                vTimerSetTimerID
 .text          0x0000000010009dbc       0x2e libfreertos.a(heap_3.c.obj)
                0x0000000010009dbc                pvPortMalloc
                0x0000000010009dd4                vPortFree
 *fill*         0x0000000010009dea        0x6 
 .text          0x0000000010009df0      0x18c libfreertos.a(port.c.obj)
                0x0000000010009e34                pxPortInitialiseStack
                0x0000000010009e54                isr_svcall
                0x0000000010009e56                vPortEndScheduler
                0x0000000010009e58                vPortYield
                0x0000000010009e70                vPortEnterCritical
                0x0000000010009e88                vPortExitCritical
                0x0000000010009e9c                ulSetInterruptMaskFromISR
                0x0000000010009ea4                vClearInterruptMaskFromISR
                0x0000000010009eaa                isr_pendsv
                0x0000000010009ef4                isr_systick
                0x0000000010009f18                vPortSetupTimerInterrupt
                0x0000000010009f40                xPortStartScheduler
 .text          0x0000000010009f7c       0x86 libfreertos.a(list.c.obj)
                0x0000000010009f7c                vListInitialise
                0x0000000010009f92                vListInitialiseItem
                0x0000000010009f98                vListInsertEnd
                0x0000000010009fae                vListInsert
                0x0000000010009fdc                uxListRemove
 *fill*         0x000000001000a002        0x2 
 .text          0x000000001000a004       0x28 /usr/lib/gcc/arm-none-eabi/9.2.1/../../../arm-none-eabi/lib/thumb/v6-m/nofp/libg.a(lib_a-malloc.o)
                0x000000001000a004                malloc
                0x000000001000a018                free
 .text          0x000000001000a02c      0x574 /usr/lib/gcc/arm-none-eabi/9.2.1/../../../arm-none-eabi/lib/thumb/v6-m/nofp/libg.a(lib_a-mallocr.o)
                0x000000001000a02c                _malloc_r
 .text          0x000000001000a5a0        0x8 /usr/lib/gcc/arm-none-eabi/9.2.1/../../../arm-none-eabi/lib/thumb/v6-m/nofp/libg.a(lib_a-mlock.o)
                0x000000001000a5a0                __malloc_lock
                0x000000001000a5a4                __malloc_unlock
 .text          0x000000001000a5a8       0x24 /usr/lib/gcc/arm-none-eabi/9.2.1/../../../arm-none-eabi/lib/thumb/v6-m/nofp/libg.a(lib_a-sbrkr.o)
                0x000000001000a5a8                _sbrk_r
 .text          0x000000001000a5cc       0x5c /usr/lib/gcc/arm-none-eabi/9.2.1/../../../arm-none-eabi/lib/thumb/v6-m/nofp/libg.a(lib_a-strlen-stub.o)
                0x000000001000a5cc                strlen
 .text          0x000000001000a628      0x260 /usr/lib/gcc/arm-none-eabi/9.2.1/../../../arm-none-eabi/lib/thumb/v6-m/nofp/libg.a(lib_a-freer.o)
                0x000000001000a628                _malloc_trim_r
                0x000000001000a6c4                _free_r
 *(.fini)
 .fini          0x000000001000a888        0x4 /usr/lib/gcc/arm-none-eabi/9.2.1/thumb/v6-m/nofp/crti.o
                0x000000001000a888                _fini
 *fill*         0x000000001000a88c        0x4 
 .fini.__stub   0x000000001000a890       0x70 linker stubs
 *crtbegin.o(.ctors)
 *crtbegin?.o(.ctors)
 *(EXCLUDE_FILE(*crtend.o *crtend?.o) .ctors)
 *(SORT_BY_NAME(.ctors.*))
 *(.ctors)
 *crtbegin.o(.dtors)
 *crtbegin?.o(.dtors)
 *(EXCLUDE_FILE(*crtend.o *crtend?.o) .dtors)
 *(SORT_BY_NAME(.dtors.*))
 *(.dtors)
 *(.eh_frame*)
 .eh_frame      0x000000001000a900        0x0 /usr/lib/gcc/arm-none-eabi/9.2.1/thumb/v6-m/nofp/crtbegin.o
                0x000000001000a900                . = ALIGN (0x4)

.glue_7         0x000000001000a900        0x0
 .glue_7        0x000000001000a900        0x0 linker stubs

.glue_7t        0x000000001000a900        0x0
 .glue_7t       0x000000001000a900        0x0 linker stubs

.vfp11_veneer   0x000000001000a900        0x0
 .vfp11_veneer  0x000000001000a900        0x0 linker stubs

.v4_bx          0x000000001000a900        0x0
 .v4_bx         0x000000001000a900        0x0 linker stubs

.iplt           0x000000001000a900        0x0
 .iplt          0x000000001000a900        0x0 /usr/lib/gcc/arm-none-eabi/9.2.1/thumb/v6-m/nofp/crtbegin.o

.rodata         0x000000001000a900     0x1790
 *(EXCLUDE_FILE(*libm.a: *libc.a:*lib_a-mem*.o *libgcc.a:) .rodata*)
 .rodata.segLEDLeft
                0x000000001000a900       0x28 CMakeFiles/Assign6.dir/Assign6.c.obj
 .rodata.segLEDRight
                0x000000001000a928       0x28 CMakeFiles/Assign6.dir/Assign6.c.obj
 .rodata.main.str1.4
                0x000000001000a950       0x28 CMakeFiles/Assign6.dir/Assign6.c.obj
 .rodata.readHDC1080Task.str1.4
                0x000000001000a978       0x91 CMakeFiles/Assign6.dir/Assign6.c.obj
 *fill*         0x000000001000aa09        0x3 
 .rodata.__bi_91.9333
                0x000000001000aa0c        0x8 CMakeFiles/Assign6.dir/Assign6.c.obj
 .rodata.spin_lock_claim_unused.str1.4
                0x000000001000aa14       0x1b CMakeFiles/Assign6.dir/home/justin/pico/pico-sdk/src/rp2_common/hardware_sync/sync.c.obj
 *fill*         0x000000001000aa2f        0x1 
 .rodata.repeating_timer_callback.str1.4
                0x000000001000aa30       0x4b CMakeFiles/Assign6.dir/home/justin/pico/pico-sdk/src/common/pico_time/time.c.obj
 *fill*         0x000000001000aa7b        0x1 
 .rodata.alarm_pool_dump_key.str1.4
                0x000000001000aa7c       0x33 CMakeFiles/Assign6.dir/home/justin/pico/pico-sdk/src/common/pico_time/time.c.obj
 *fill*         0x000000001000aaaf        0x1 
 .rodata.ph_add_child_node.str1.4
                0x000000001000aab0       0x96 CMakeFiles/Assign6.dir/home/justin/pico/pico-sdk/src/common/pico_time/time.c.obj
 *fill*         0x000000001000ab46        0x2 
 .rodata.add_alarm_under_lock.str1.4
                0x000000001000ab48       0x28 CMakeFiles/Assign6.dir/home/justin/pico/pico-sdk/src/common/pico_time/time.c.obj
                                         0x2b (size before relaxing)
 .rodata.alarm_pool_alarm_callback.str1.4
                0x000000001000ab70       0xe6 CMakeFiles/Assign6.dir/home/justin/pico/pico-sdk/src/common/pico_time/time.c.obj
 *fill*         0x000000001000ac56        0x2 
 .rodata.alarm_pool_get_default.str1.4
                0x000000001000ac58       0x21 CMakeFiles/Assign6.dir/home/justin/pico/pico-sdk/src/common/pico_time/time.c.obj
 *fill*         0x000000001000ac79        0x3 
 .rodata.alarm_pool_cancel_alarm.str1.4
                0x000000001000ac7c       0x27 CMakeFiles/Assign6.dir/home/justin/pico/pico-sdk/src/common/pico_time/time.c.obj
 *fill*         0x000000001000aca3        0x1 
 .rodata.sleep_until.str1.4
                0x000000001000aca4       0x4d CMakeFiles/Assign6.dir/home/justin/pico/pico-sdk/src/common/pico_time/time.c.obj
 *fill*         0x000000001000acf1        0x3 
 .rodata.__func__.5701
                0x000000001000acf4       0x15 CMakeFiles/Assign6.dir/home/justin/pico/pico-sdk/src/common/pico_time/time.c.obj
 *fill*         0x000000001000ad09        0x3 
 .rodata.__func__.6007
                0x000000001000ad0c        0xc CMakeFiles/Assign6.dir/home/justin/pico/pico-sdk/src/common/pico_time/time.c.obj
 .rodata.__func__.6014
                0x000000001000ad18       0x12 CMakeFiles/Assign6.dir/home/justin/pico/pico-sdk/src/common/pico_time/time.c.obj
 *fill*         0x000000001000ad2a        0x2 
 .rodata.__func__.6030
                0x000000001000ad2c        0xf CMakeFiles/Assign6.dir/home/justin/pico/pico-sdk/src/common/pico_time/time.c.obj
 *fill*         0x000000001000ad3b        0x1 
 .rodata.__func__.6052
                0x000000001000ad3c        0xd CMakeFiles/Assign6.dir/home/justin/pico/pico-sdk/src/common/pico_time/time.c.obj
 *fill*         0x000000001000ad49        0x3 
 .rodata.__func__.6276
                0x000000001000ad4c        0xa CMakeFiles/Assign6.dir/home/justin/pico/pico-sdk/src/common/pico_time/time.c.obj
 *fill*         0x000000001000ad56        0x2 
 .rodata.__func__.6281
                0x000000001000ad58       0x12 CMakeFiles/Assign6.dir/home/justin/pico/pico-sdk/src/common/pico_time/time.c.obj
 *fill*         0x000000001000ad6a        0x2 
 .rodata.__func__.6296
                0x000000001000ad6c       0x17 CMakeFiles/Assign6.dir/home/justin/pico/pico-sdk/src/common/pico_time/time.c.obj
 *fill*         0x000000001000ad83        0x1 
 .rodata.__func__.6307
                0x000000001000ad84       0x15 CMakeFiles/Assign6.dir/home/justin/pico/pico-sdk/src/common/pico_time/time.c.obj
 *fill*         0x000000001000ad99        0x3 
 .rodata.__func__.6324
                0x000000001000ad9c       0x1a CMakeFiles/Assign6.dir/home/justin/pico/pico-sdk/src/common/pico_time/time.c.obj
 *fill*         0x000000001000adb6        0x2 
 .rodata.__func__.6363
                0x000000001000adb8       0x18 CMakeFiles/Assign6.dir/home/justin/pico/pico-sdk/src/common/pico_time/time.c.obj
 .rodata.hardware_alarm_claim.str1.4
                0x000000001000add0       0x22 CMakeFiles/Assign6.dir/home/justin/pico/pico-sdk/src/rp2_common/hardware_timer/timer.c.obj
 *fill*         0x000000001000adf2        0x2 
 .rodata.hardware_alarm_set_target.str1.4
                0x000000001000adf4       0x65 CMakeFiles/Assign6.dir/home/justin/pico/pico-sdk/src/rp2_common/hardware_timer/timer.c.obj
 *fill*         0x000000001000ae59        0x3 
 .rodata.__func__.4559
                0x000000001000ae5c       0x1a CMakeFiles/Assign6.dir/home/justin/pico/pico-sdk/src/rp2_common/hardware_timer/timer.c.obj
 *fill*         0x000000001000ae76        0x2 
 .rodata.str1.4
                0x000000001000ae78       0x89 CMakeFiles/Assign6.dir/home/justin/pico/pico-sdk/src/common/pico_sync/mutex.c.obj
                                         0xed (size before relaxing)
 *fill*         0x000000001000af01        0x3 
 .rodata.__func__.4193
                0x000000001000af04       0x15 CMakeFiles/Assign6.dir/home/justin/pico/pico-sdk/src/common/pico_sync/mutex.c.obj
 *fill*         0x000000001000af19        0x3 
 .rodata.__func__.4681
                0x000000001000af1c       0x18 CMakeFiles/Assign6.dir/home/justin/pico/pico-sdk/src/common/pico_sync/mutex.c.obj
 .rodata.__func__.4700
                0x000000001000af34        0xb CMakeFiles/Assign6.dir/home/justin/pico/pico-sdk/src/common/pico_sync/mutex.c.obj
 .rodata.ph_add_child_node.str1.4
                0x000000001000af3f       0x96 CMakeFiles/Assign6.dir/home/justin/pico/pico-sdk/src/common/pico_util/pheap.c.obj
 *fill*         0x000000001000af3f        0x1 
 .rodata.ph_remove_any_head.str1.4
                0x000000001000af40       0x8c CMakeFiles/Assign6.dir/home/justin/pico/pico-sdk/src/common/pico_util/pheap.c.obj
 .rodata.ph_remove_and_free_node.str1.4
                0x000000001000afcc       0x26 CMakeFiles/Assign6.dir/home/justin/pico/pico-sdk/src/common/pico_util/pheap.c.obj
 *fill*         0x000000001000aff2        0x2 
 .rodata.__func__.5708
                0x000000001000aff4        0xc CMakeFiles/Assign6.dir/home/justin/pico/pico-sdk/src/common/pico_util/pheap.c.obj
 .rodata.__func__.5715
                0x000000001000b000       0x12 CMakeFiles/Assign6.dir/home/justin/pico/pico-sdk/src/common/pico_util/pheap.c.obj
 *fill*         0x000000001000b012        0x2 
 .rodata.__func__.5801
                0x000000001000b014       0x13 CMakeFiles/Assign6.dir/home/justin/pico/pico-sdk/src/common/pico_util/pheap.c.obj
 *fill*         0x000000001000b027        0x1 
 .rodata.__func__.5819
                0x000000001000b028       0x18 CMakeFiles/Assign6.dir/home/justin/pico/pico-sdk/src/common/pico_util/pheap.c.obj
 .rodata.__assert_func.str1.4
                0x000000001000b040       0x3f CMakeFiles/Assign6.dir/home/justin/pico/pico-sdk/src/rp2_common/pico_runtime/runtime.c.obj
                                         0x43 (size before relaxing)
 *fill*         0x000000001000b07f        0x1 
 .rodata.runtime_init.str1.4
                0x000000001000b080       0x61 CMakeFiles/Assign6.dir/home/justin/pico/pico-sdk/src/rp2_common/pico_runtime/runtime.c.obj
 *fill*         0x000000001000b0e1        0x3 
 .rodata.panic.str1.4
                0x000000001000b0e4       0x10 CMakeFiles/Assign6.dir/home/justin/pico/pico-sdk/src/rp2_common/pico_runtime/runtime.c.obj
                                         0x12 (size before relaxing)
 .rodata.__func__.5816
                0x000000001000b0f4        0xd CMakeFiles/Assign6.dir/home/justin/pico/pico-sdk/src/rp2_common/pico_runtime/runtime.c.obj
 *fill*         0x000000001000b101        0x3 
 .rodata.clock_configure.str1.4
                0x000000001000b104       0x57 CMakeFiles/Assign6.dir/home/justin/pico/pico-sdk/src/rp2_common/hardware_clocks/clocks.c.obj
 *fill*         0x000000001000b15b        0x1 
 .rodata.__func__.4688
                0x000000001000b15c       0x10 CMakeFiles/Assign6.dir/home/justin/pico/pico-sdk/src/rp2_common/hardware_clocks/clocks.c.obj
 .rodata.make_branch.str1.4
                0x000000001000b16c       0x4d CMakeFiles/Assign6.dir/home/justin/pico/pico-sdk/src/rp2_common/hardware_irq/irq.c.obj
 *fill*         0x000000001000b1b9        0x3 
 .rodata.irq_set_exclusive_handler.str1.4
                0x000000001000b1bc       0x36 CMakeFiles/Assign6.dir/home/justin/pico/pico-sdk/src/rp2_common/hardware_irq/irq.c.obj
 *fill*         0x000000001000b1f2        0x2 
 .rodata.irq_add_shared_handler.str1.4
                0x000000001000b1f4       0xd9 CMakeFiles/Assign6.dir/home/justin/pico/pico-sdk/src/rp2_common/hardware_irq/irq.c.obj
 *fill*         0x000000001000b2cd        0x3 
 .rodata.irq_remove_handler.str1.4
                0x000000001000b2d0       0x2a CMakeFiles/Assign6.dir/home/justin/pico/pico-sdk/src/rp2_common/hardware_irq/irq.c.obj
 *fill*         0x000000001000b2fa        0x2 
 .rodata.irq_add_tail_to_free_list.str1.4
                0x000000001000b2fc       0x32 CMakeFiles/Assign6.dir/home/justin/pico/pico-sdk/src/rp2_common/hardware_irq/irq.c.obj
                                         0x3a (size before relaxing)
 *fill*         0x000000001000b32e        0x2 
 .rodata.__func__.4733
                0x000000001000b330       0x1a CMakeFiles/Assign6.dir/home/justin/pico/pico-sdk/src/rp2_common/hardware_irq/irq.c.obj
 *fill*         0x000000001000b34a        0x2 
 .rodata.__func__.4747
                0x000000001000b34c        0xc CMakeFiles/Assign6.dir/home/justin/pico/pico-sdk/src/rp2_common/hardware_irq/irq.c.obj
 .rodata.__func__.4755
                0x000000001000b358       0x17 CMakeFiles/Assign6.dir/home/justin/pico/pico-sdk/src/rp2_common/hardware_irq/irq.c.obj
 *fill*         0x000000001000b36f        0x1 
 .rodata.__func__.4759
                0x000000001000b370        0xf CMakeFiles/Assign6.dir/home/justin/pico/pico-sdk/src/rp2_common/hardware_irq/irq.c.obj
 *fill*         0x000000001000b37f        0x1 
 .rodata.__func__.4798
                0x000000001000b380       0x13 CMakeFiles/Assign6.dir/home/justin/pico/pico-sdk/src/rp2_common/hardware_irq/irq.c.obj
 *fill*         0x000000001000b393        0x1 
 .rodata.__func__.4821
                0x000000001000b394       0x1a CMakeFiles/Assign6.dir/home/justin/pico/pico-sdk/src/rp2_common/hardware_irq/irq.c.obj
 *fill*         0x000000001000b3ae        0x2 
 .rodata.pll_init.str1.4
                0x000000001000b3b0       0xdb CMakeFiles/Assign6.dir/home/justin/pico/pico-sdk/src/rp2_common/hardware_pll/pll.c.obj
 *fill*         0x000000001000b48b        0x1 
 .rodata.__func__.4408
                0x000000001000b48c        0x9 CMakeFiles/Assign6.dir/home/justin/pico/pico-sdk/src/rp2_common/hardware_pll/pll.c.obj
 *fill*         0x000000001000b495        0x3 
 .rodata._ftoa.str1.4
                0x000000001000b498       0x15 CMakeFiles/Assign6.dir/home/justin/pico/pico-sdk/src/rp2_common/pico_printf/printf.c.obj
 *fill*         0x000000001000b4ad        0x3 
 .rodata._vsnprintf
                0x000000001000b4b0      0x1e0 CMakeFiles/Assign6.dir/home/justin/pico/pico-sdk/src/rp2_common/pico_printf/printf.c.obj
 .rodata.pow10.5422
                0x000000001000b690       0x50 CMakeFiles/Assign6.dir/home/justin/pico/pico-sdk/src/rp2_common/pico_printf/printf.c.obj
 .rodata.missing_double_func_shim.str1.4
                0x000000001000b6e0       0x18 CMakeFiles/Assign6.dir/home/justin/pico/pico-sdk/src/rp2_common/pico_double/double_init_rom.c.obj
 .rodata.__aeabi_double_init.str1.4
                0x000000001000b6f8       0xa8 CMakeFiles/Assign6.dir/home/justin/pico/pico-sdk/src/rp2_common/pico_double/double_init_rom.c.obj
 .rodata.__func__.4722
                0x000000001000b7a0       0x14 CMakeFiles/Assign6.dir/home/justin/pico/pico-sdk/src/rp2_common/pico_double/double_init_rom.c.obj
 .rodata.missing_float_func_shim.str1.4
                0x000000001000b7b4        0x1 CMakeFiles/Assign6.dir/home/justin/pico/pico-sdk/src/rp2_common/pico_float/float_init_rom.c.obj
 .rodata.__aeabi_float_init.str1.4
                0x000000001000b7b4       0x7a CMakeFiles/Assign6.dir/home/justin/pico/pico-sdk/src/rp2_common/pico_float/float_init_rom.c.obj
 *fill*         0x000000001000b82e        0x2 
 .rodata.__func__.4720
                0x000000001000b830       0x13 CMakeFiles/Assign6.dir/home/justin/pico/pico-sdk/src/rp2_common/pico_float/float_init_rom.c.obj
 *fill*         0x000000001000b843        0x1 
 .rodata.__wrap_malloc.str1.4
                0x000000001000b844        0xe CMakeFiles/Assign6.dir/home/justin/pico/pico-sdk/src/rp2_common/pico_malloc/pico_malloc.c.obj
 *fill*         0x000000001000b852        0x2 
 .rodata.str1.4
                0x000000001000b854       0x50 CMakeFiles/Assign6.dir/home/justin/pico/pico-sdk/src/rp2_common/pico_standard_link/binary_info.c.obj
 .rodata.__bi_44
                0x000000001000b8a4        0xc CMakeFiles/Assign6.dir/home/justin/pico/pico-sdk/src/rp2_common/pico_standard_link/binary_info.c.obj
 .rodata.__bi_75
                0x000000001000b8b0        0xc CMakeFiles/Assign6.dir/home/justin/pico/pico-sdk/src/rp2_common/pico_standard_link/binary_info.c.obj
 .rodata.__bi_81
                0x000000001000b8bc        0xc CMakeFiles/Assign6.dir/home/justin/pico/pico-sdk/src/rp2_common/pico_standard_link/binary_info.c.obj
 .rodata.crlf_str.5901
                0x000000001000b8c8        0x2 CMakeFiles/Assign6.dir/home/justin/pico/pico-sdk/src/rp2_common/pico_stdio/stdio.c.obj
 *fill*         0x000000001000b8ca        0x2 
 .rodata._resetd_driver
                0x000000001000b8cc       0x18 CMakeFiles/Assign6.dir/home/justin/pico/pico-sdk/src/rp2_common/pico_stdio_usb/reset_interface.c.obj
 .rodata.stdio_usb_init.str1.4
                0x000000001000b8e4       0x61 CMakeFiles/Assign6.dir/home/justin/pico/pico-sdk/src/rp2_common/pico_stdio_usb/stdio_usb.c.obj
 .rodata.str1.4
                0x000000001000b8e4       0x13 CMakeFiles/Assign6.dir/home/justin/pico/pico-sdk/src/rp2_common/pico_stdio_usb/stdio_usb.c.obj
 *fill*         0x000000001000b8f7        0x1 
 .rodata.__bi_93.7216
                0x000000001000b8f8        0xc CMakeFiles/Assign6.dir/home/justin/pico/pico-sdk/src/rp2_common/pico_stdio_usb/stdio_usb.c.obj
 .rodata.__func__.5424
                0x000000001000b904       0x15 CMakeFiles/Assign6.dir/home/justin/pico/pico-sdk/src/rp2_common/pico_stdio_usb/stdio_usb.c.obj
 *fill*         0x000000001000b919        0x3 
 .rodata.str1.4
                0x000000001000b91c       0x2a CMakeFiles/Assign6.dir/home/justin/pico/pico-sdk/src/rp2_common/pico_stdio_usb/stdio_usb_descriptors.c.obj
 *fill*         0x000000001000b946        0x2 
 .rodata.usbd_desc_cfg
                0x000000001000b948       0x54 CMakeFiles/Assign6.dir/home/justin/pico/pico-sdk/src/rp2_common/pico_stdio_usb/stdio_usb_descriptors.c.obj
 .rodata.usbd_desc_device
                0x000000001000b99c       0x12 CMakeFiles/Assign6.dir/home/justin/pico/pico-sdk/src/rp2_common/pico_stdio_usb/stdio_usb_descriptors.c.obj
 *fill*         0x000000001000b9ae        0x2 
 .rodata.usbd_desc_str
                0x000000001000b9b0       0x18 CMakeFiles/Assign6.dir/home/justin/pico/pico-sdk/src/rp2_common/pico_stdio_usb/stdio_usb_descriptors.c.obj
 .rodata._hw_endpoint_alloc.str1.4
                0x000000001000b9c8       0xb5 CMakeFiles/Assign6.dir/home/justin/pico/pico-sdk/lib/tinyusb/src/portable/raspberrypi/rp2040/dcd_rp2040.c.obj
 *fill*         0x000000001000ba7d        0x3 
 .rodata.dcd_rp2040_irq.str1.4
                0x000000001000ba80       0x14 CMakeFiles/Assign6.dir/home/justin/pico/pico-sdk/lib/tinyusb/src/portable/raspberrypi/rp2040/dcd_rp2040.c.obj
 .rodata.dcd_int_enable.str1.4
                0x000000001000ba94        0xc CMakeFiles/Assign6.dir/home/justin/pico/pico-sdk/lib/tinyusb/src/portable/raspberrypi/rp2040/dcd_rp2040.c.obj
 .rodata.__func__.6888
                0x000000001000baa0       0x13 CMakeFiles/Assign6.dir/home/justin/pico/pico-sdk/lib/tinyusb/src/portable/raspberrypi/rp2040/dcd_rp2040.c.obj
 *fill*         0x000000001000bab3        0x1 
 .rodata.__func__.6941
                0x000000001000bab4        0x9 CMakeFiles/Assign6.dir/home/justin/pico/pico-sdk/lib/tinyusb/src/portable/raspberrypi/rp2040/dcd_rp2040.c.obj
 *fill*         0x000000001000babd        0x3 
 .rodata.__func__.6945
                0x000000001000bac0        0xf CMakeFiles/Assign6.dir/home/justin/pico/pico-sdk/lib/tinyusb/src/portable/raspberrypi/rp2040/dcd_rp2040.c.obj
 *fill*         0x000000001000bacf        0x1 
 .rodata.__func__.6954
                0x000000001000bad0       0x10 CMakeFiles/Assign6.dir/home/justin/pico/pico-sdk/lib/tinyusb/src/portable/raspberrypi/rp2040/dcd_rp2040.c.obj
 .rodata.__func__.6973
                0x000000001000bae0        0xe CMakeFiles/Assign6.dir/home/justin/pico/pico-sdk/lib/tinyusb/src/portable/raspberrypi/rp2040/dcd_rp2040.c.obj
 *fill*         0x000000001000baee        0x2 
 .rodata.__func__.6983
                0x000000001000baf0        0xe CMakeFiles/Assign6.dir/home/justin/pico/pico-sdk/lib/tinyusb/src/portable/raspberrypi/rp2040/dcd_rp2040.c.obj
 *fill*         0x000000001000bafe        0x2 
 .rodata.sync_ep_buffer.str1.4
                0x000000001000bb00       0x91 CMakeFiles/Assign6.dir/home/justin/pico/pico-sdk/lib/tinyusb/src/portable/raspberrypi/rp2040/rp2040_usb.c.obj
 *fill*         0x000000001000bb91        0x3 
 .rodata._hw_endpoint_buffer_control_update32.str1.4
                0x000000001000bb94       0x1f CMakeFiles/Assign6.dir/home/justin/pico/pico-sdk/lib/tinyusb/src/portable/raspberrypi/rp2040/rp2040_usb.c.obj
 *fill*         0x000000001000bbb3        0x1 
 .rodata.hw_endpoint_xfer_start.str1.4
                0x000000001000bbb4       0x38 CMakeFiles/Assign6.dir/home/justin/pico/pico-sdk/lib/tinyusb/src/portable/raspberrypi/rp2040/rp2040_usb.c.obj
 .rodata.hw_endpoint_xfer_continue.str1.4
                0x000000001000bbec       0x29 CMakeFiles/Assign6.dir/home/justin/pico/pico-sdk/lib/tinyusb/src/portable/raspberrypi/rp2040/rp2040_usb.c.obj
 *fill*         0x000000001000bc15        0x3 
 .rodata.str1.4
                0x000000001000bc18        0x7 CMakeFiles/Assign6.dir/home/justin/pico/pico-sdk/lib/tinyusb/src/portable/raspberrypi/rp2040/rp2040_usb.c.obj
 *fill*         0x000000001000bc1f        0x1 
 .rodata.__func__.6655
                0x000000001000bc20        0xf CMakeFiles/Assign6.dir/home/justin/pico/pico-sdk/lib/tinyusb/src/portable/raspberrypi/rp2040/rp2040_usb.c.obj
 *fill*         0x000000001000bc2f        0x1 
 .rodata.process_set_config.str1.4
                0x000000001000bc30       0x17 CMakeFiles/Assign6.dir/home/justin/pico/pico-sdk/lib/tinyusb/src/device/usbd.c.obj
 *fill*         0x000000001000bc47        0x1 
 .rodata.process_get_descriptor
                0x000000001000bc48       0x40 CMakeFiles/Assign6.dir/home/justin/pico/pico-sdk/lib/tinyusb/src/device/usbd.c.obj
 .rodata.process_control_request
                0x000000001000bc88       0x28 CMakeFiles/Assign6.dir/home/justin/pico/pico-sdk/lib/tinyusb/src/device/usbd.c.obj
 .rodata.tud_task
                0x000000001000bcb0       0x24 CMakeFiles/Assign6.dir/home/justin/pico/pico-sdk/lib/tinyusb/src/device/usbd.c.obj
 .rodata.__func__.6564
                0x000000001000bcd4       0x10 CMakeFiles/Assign6.dir/home/justin/pico/pico-sdk/lib/tinyusb/src/device/usbd.c.obj
 .rodata.__func__.7362
                0x000000001000bce4        0x9 CMakeFiles/Assign6.dir/home/justin/pico/pico-sdk/lib/tinyusb/src/device/usbd.c.obj
 *fill*         0x000000001000bced        0x3 
 .rodata.__func__.7383
                0x000000001000bcf0       0x18 CMakeFiles/Assign6.dir/home/justin/pico/pico-sdk/lib/tinyusb/src/device/usbd.c.obj
 .rodata.__func__.7426
                0x000000001000bd08       0x13 CMakeFiles/Assign6.dir/home/justin/pico/pico-sdk/lib/tinyusb/src/device/usbd.c.obj
 *fill*         0x000000001000bd1b        0x1 
 .rodata.__func__.7461
                0x000000001000bd1c       0x17 CMakeFiles/Assign6.dir/home/justin/pico/pico-sdk/lib/tinyusb/src/device/usbd.c.obj
 *fill*         0x000000001000bd33        0x1 
 .rodata.__func__.7515
                0x000000001000bd34       0x14 CMakeFiles/Assign6.dir/home/justin/pico/pico-sdk/lib/tinyusb/src/device/usbd.c.obj
 .rodata.__func__.7529
                0x000000001000bd48        0xf CMakeFiles/Assign6.dir/home/justin/pico/pico-sdk/lib/tinyusb/src/device/usbd.c.obj
 *fill*         0x000000001000bd57        0x1 
 .rodata.__func__.7552
                0x000000001000bd58        0xf CMakeFiles/Assign6.dir/home/justin/pico/pico-sdk/lib/tinyusb/src/device/usbd.c.obj
 *fill*         0x000000001000bd67        0x1 
 .rodata._usbd_driver
                0x000000001000bd68       0x18 CMakeFiles/Assign6.dir/home/justin/pico/pico-sdk/lib/tinyusb/src/device/usbd.c.obj
 .rodata.tud_control_xfer.str1.4
                0x000000001000bd80       0x17 CMakeFiles/Assign6.dir/home/justin/pico/pico-sdk/lib/tinyusb/src/device/usbd_control.c.obj
 .rodata.__func__.7277
                0x000000001000bd80       0x11 CMakeFiles/Assign6.dir/home/justin/pico/pico-sdk/lib/tinyusb/src/device/usbd_control.c.obj
 *fill*         0x000000001000bd91        0x3 
 .rodata.__func__.7304
                0x000000001000bd94       0x15 CMakeFiles/Assign6.dir/home/justin/pico/pico-sdk/lib/tinyusb/src/device/usbd_control.c.obj
 .rodata.tud_cdc_n_write_flush.str1.4
                0x000000001000bda9       0x17 CMakeFiles/Assign6.dir/home/justin/pico/pico-sdk/lib/tinyusb/src/class/cdc/cdc_device.c.obj
 *fill*         0x000000001000bda9        0x3 
 .rodata.__func__.7213
                0x000000001000bdac       0x16 CMakeFiles/Assign6.dir/home/justin/pico/pico-sdk/lib/tinyusb/src/class/cdc/cdc_device.c.obj
 *fill*         0x000000001000bdc2        0x2 
 .rodata.__func__.7246
                0x000000001000bdc4        0xa CMakeFiles/Assign6.dir/home/justin/pico/pico-sdk/lib/tinyusb/src/class/cdc/cdc_device.c.obj
 *fill*         0x000000001000bdce        0x2 
 .rodata.__func__.7281
                0x000000001000bdd0        0xd CMakeFiles/Assign6.dir/home/justin/pico/pico-sdk/lib/tinyusb/src/class/cdc/cdc_device.c.obj
 .rodata.tusb_init.str1.4
                0x000000001000bddd       0x17 CMakeFiles/Assign6.dir/home/justin/pico/pico-sdk/lib/tinyusb/src/tusb.c.obj
 *fill*         0x000000001000bddd        0x3 
 .rodata.__func__.7150
                0x000000001000bde0        0xa CMakeFiles/Assign6.dir/home/justin/pico/pico-sdk/lib/tinyusb/src/tusb.c.obj
 *fill*         0x000000001000bdea        0x2 
 .rodata.__func__.7162
                0x000000001000bdec       0x11 CMakeFiles/Assign6.dir/home/justin/pico/pico-sdk/lib/tinyusb/src/tusb.c.obj
 *fill*         0x000000001000bdfd        0x3 
 .rodata.pico_get_unique_board_id_string.str1.4